Archive member included to satisfy reference by file (symbol)

e:/firefly3399/env_released_1.2.0/env/tools/gnu_gcc/aarch64_gcc/mingw/bin/../lib/gcc/aarch64-none-elf/10.2.1\libc.a(lib_a-atoi.o)
                              build\kernel\components\drivers\serial\serial.o (atoi)
e:/firefly3399/env_released_1.2.0/env/tools/gnu_gcc/aarch64_gcc/mingw/bin/../lib/gcc/aarch64-none-elf/10.2.1\libc.a(lib_a-getchar.o)
                              build\kernel\components\drivers\serial\serial.o (getchar)
e:/firefly3399/env_released_1.2.0/env/tools/gnu_gcc/aarch64_gcc/mingw/bin/../lib/gcc/aarch64-none-elf/10.2.1\libc.a(lib_a-getc.o)
                              e:/firefly3399/env_released_1.2.0/env/tools/gnu_gcc/aarch64_gcc/mingw/bin/../lib/gcc/aarch64-none-elf/10.2.1\libc.a(lib_a-getchar.o) (_getc_r)
e:/firefly3399/env_released_1.2.0/env/tools/gnu_gcc/aarch64_gcc/mingw/bin/../lib/gcc/aarch64-none-elf/10.2.1\libc.a(lib_a-impure.o)
                              e:/firefly3399/env_released_1.2.0/env/tools/gnu_gcc/aarch64_gcc/mingw/bin/../lib/gcc/aarch64-none-elf/10.2.1\libc.a(lib_a-getchar.o) (_impure_ptr)
e:/firefly3399/env_released_1.2.0/env/tools/gnu_gcc/aarch64_gcc/mingw/bin/../lib/gcc/aarch64-none-elf/10.2.1\libc.a(lib_a-memcmp.o)
                              build\kernel\components\finsh\shell.o (memcmp)
e:/firefly3399/env_released_1.2.0/env/tools/gnu_gcc/aarch64_gcc/mingw/bin/../lib/gcc/aarch64-none-elf/10.2.1\libc.a(lib_a-memcpy.o)
                              build\kernel\components\drivers\src\ringbuffer.o (memcpy)
e:/firefly3399/env_released_1.2.0/env/tools/gnu_gcc/aarch64_gcc/mingw/bin/../lib/gcc/aarch64-none-elf/10.2.1\libc.a(lib_a-memset.o)
                              build\kernel\components\dfs\src\dfs_fs.o (memset)
e:/firefly3399/env_released_1.2.0/env/tools/gnu_gcc/aarch64_gcc/mingw/bin/../lib/gcc/aarch64-none-elf/10.2.1\libc.a(lib_a-rget.o)
                              e:/firefly3399/env_released_1.2.0/env/tools/gnu_gcc/aarch64_gcc/mingw/bin/../lib/gcc/aarch64-none-elf/10.2.1\libc.a(lib_a-getc.o) (__srget_r)
e:/firefly3399/env_released_1.2.0/env/tools/gnu_gcc/aarch64_gcc/mingw/bin/../lib/gcc/aarch64-none-elf/10.2.1\libc.a(lib_a-strcmp.o)
                              build\kernel\components\dfs\src\dfs_fs.o (strcmp)
e:/firefly3399/env_released_1.2.0/env/tools/gnu_gcc/aarch64_gcc/mingw/bin/../lib/gcc/aarch64-none-elf/10.2.1\libc.a(lib_a-strcpy.o)
                              build\kernel\components\finsh\shell.o (strcpy)
e:/firefly3399/env_released_1.2.0/env/tools/gnu_gcc/aarch64_gcc/mingw/bin/../lib/gcc/aarch64-none-elf/10.2.1\libc.a(lib_a-strlen.o)
                              build\kernel\components\dfs\src\dfs_fs.o (strlen)
e:/firefly3399/env_released_1.2.0/env/tools/gnu_gcc/aarch64_gcc/mingw/bin/../lib/gcc/aarch64-none-elf/10.2.1\libc.a(lib_a-strncmp.o)
                              build\kernel\components\dfs\src\dfs_fs.o (strncmp)
e:/firefly3399/env_released_1.2.0/env/tools/gnu_gcc/aarch64_gcc/mingw/bin/../lib/gcc/aarch64-none-elf/10.2.1\libc.a(lib_a-strncpy.o)
                              build\kernel\components\finsh\shell.o (strncpy)
e:/firefly3399/env_released_1.2.0/env/tools/gnu_gcc/aarch64_gcc/mingw/bin/../lib/gcc/aarch64-none-elf/10.2.1\libc.a(lib_a-strrchr.o)
                              build\kernel\components\dfs\src\dfs_file.o (strrchr)
e:/firefly3399/env_released_1.2.0/env/tools/gnu_gcc/aarch64_gcc/mingw/bin/../lib/gcc/aarch64-none-elf/10.2.1\libc.a(lib_a-strstr.o)
                              build\kernel\components\finsh\msh_file.o (strstr)
e:/firefly3399/env_released_1.2.0/env/tools/gnu_gcc/aarch64_gcc/mingw/bin/../lib/gcc/aarch64-none-elf/10.2.1\libc.a(lib_a-strtol.o)
                              e:/firefly3399/env_released_1.2.0/env/tools/gnu_gcc/aarch64_gcc/mingw/bin/../lib/gcc/aarch64-none-elf/10.2.1\libc.a(lib_a-atoi.o) (_strtol_r)
e:/firefly3399/env_released_1.2.0/env/tools/gnu_gcc/aarch64_gcc/mingw/bin/../lib/gcc/aarch64-none-elf/10.2.1\libc.a(lib_a-ctype_.o)
                              e:/firefly3399/env_released_1.2.0/env/tools/gnu_gcc/aarch64_gcc/mingw/bin/../lib/gcc/aarch64-none-elf/10.2.1\libc.a(lib_a-strtol.o) (_ctype_)
e:/firefly3399/env_released_1.2.0/env/tools/gnu_gcc/aarch64_gcc/mingw/bin/../lib/gcc/aarch64-none-elf/10.2.1\libc.a(lib_a-findfp.o)
                              e:/firefly3399/env_released_1.2.0/env/tools/gnu_gcc/aarch64_gcc/mingw/bin/../lib/gcc/aarch64-none-elf/10.2.1\libc.a(lib_a-getc.o) (__sinit)
e:/firefly3399/env_released_1.2.0/env/tools/gnu_gcc/aarch64_gcc/mingw/bin/../lib/gcc/aarch64-none-elf/10.2.1\libc.a(lib_a-fwalk.o)
                              e:/firefly3399/env_released_1.2.0/env/tools/gnu_gcc/aarch64_gcc/mingw/bin/../lib/gcc/aarch64-none-elf/10.2.1\libc.a(lib_a-findfp.o) (_fwalk)
e:/firefly3399/env_released_1.2.0/env/tools/gnu_gcc/aarch64_gcc/mingw/bin/../lib/gcc/aarch64-none-elf/10.2.1\libc.a(lib_a-refill.o)
[...]
Memory Configuration

Name             Origin             Length             Attributes
*default*        0x0000000000000000 0xffffffffffffffff

Linker script and memory map

LOAD build\applications\main.o
LOAD build\cpu\mmu.o
LOAD build\cpu\secondary_cpu.o
LOAD build\cpu\cpu.o
LOAD build\cpu\entry_point.o
LOAD build\cpu\trap.o
LOAD build\cpu\context_gcc.o
LOAD build\cpu\startup_gcc.o
LOAD build\cpu\stack.o
LOAD build\cpu\vector_gcc.o
LOAD build\cpu\interrupt.o
LOAD build\cpu\cpu_gcc.o
LOAD build\cpu\cache.o
LOAD build\cpu\gicv3.o
LOAD build\driver\board.o
LOAD build\driver\drv_uart.o
LOAD build\driver\drv_led.o
LOAD build\kernel\src\cpu.o
LOAD build\kernel\src\clock.o
LOAD build\kernel\src\object.o
LOAD build\kernel\src\timer.o
LOAD build\kernel\src\device.o
LOAD build\kernel\src\scheduler.o
LOAD build\kernel\src\ipc.o
LOAD build\kernel\src\mem.o
LOAD build\kernel\src\components.o
LOAD build\kernel\src\mempool.o
LOAD build\kernel\src\irq.o
LOAD build\kernel\src\kservice.o
LOAD build\kernel\src\idle.o
LOAD build\kernel\src\thread.o
LOAD build\kernel\components\dfs\src\dfs_fs.o
LOAD build\kernel\components\dfs\src\dfs.o
LOAD build\kernel\components\dfs\src\dfs_file.o
LOAD build\kernel\components\dfs\filesystems\devfs\devfs.o
LOAD build\kernel\components\drivers\misc\pin.o
LOAD build\kernel\components\drivers\serial\serial.o
LOAD build\kernel\components\drivers\src\ringblk_buf.o
LOAD build\kernel\components\drivers\src\pipe.o
LOAD build\kernel\components\drivers\src\workqueue.o
LOAD build\kernel\components\drivers\src\ringbuffer.o
LOAD build\kernel\components\drivers\src\completion.o
LOAD build\kernel\components\drivers\src\waitqueue.o
LOAD build\kernel\components\drivers\src\dataqueue.o
LOAD build\kernel\components\finsh\shell.o
LOAD build\kernel\components\finsh\msh.o
LOAD build\kernel\components\finsh\msh_file.o
LOAD build\kernel\components\finsh\cmd.o
LOAD build\kernel\components\libc\compilers\common\time.o
LOAD build\kernel\components\libc\compilers\common\stdlib.o
LOAD build\kernel\components\libc\compilers\gcc\newlib\libc_syms.o
LOAD build\kernel\components\libc\compilers\gcc\newlib\syscalls.o
LOAD build\kernel\components\libc\posix\src\unistd.o
LOAD e:/firefly3399/env_released_1.2.0/env/tools/gnu_gcc/aarch64_gcc/mingw/bin/../lib/gcc/aarch64-none-elf/10.2.1\libm.a
LOAD e:/firefly3399/env_released_1.2.0/env/tools/gnu_gcc/aarch64_gcc/mingw/bin/../lib/gcc/aarch64-none-elf/10.2.1\libc.a
LOAD e:/firefly3399/env_released_1.2.0/env/tools/gnu_gcc/aarch64_gcc/mingw/bin/../lib/gcc/aarch64-none-elf/10.2.1\libgcc.a
LOAD e:/firefly3399/env_released_1.2.0/env/tools/gnu_gcc/aarch64_gcc/mingw/bin/../lib/gcc/aarch64-none-elf/10.2.1\libc.a
LOAD e:/firefly3399/env_released_1.2.0/env/tools/gnu_gcc/aarch64_gcc/mingw/bin/../lib/gcc/aarch64-none-elf/10.2.1\libgcc.a
                0x0000000010000000                . = 0x10000000
                0x0000000010000000                . = ALIGN (0x1000)

.text           0x0000000010000000    0x24c10
 *(.text.entrypoint)
 .text.entrypoint
                0x0000000010000000      0x218 build\cpu\entry_point.o
                0x0000000010000000                _start
                0x0000000010000188                cpu_idle
                0x000000001000018c                diy_led_on
                0x00000000100001bc                work_led_on
                0x00000000100001ec                arm_smccc_smc
                0x0000000010000200                secondary_cpu_start
 *(.vectors)
 *(.text)
 .text          0x0000000010000218      0x3cc build\applications\main.o
                0x0000000010000218                led_entry
                0x0000000010000278                sio0_entry
                0x00000000100002b8                sio1_entry
                0x00000000100002f8                sio2_entry
                0x0000000010000338                sio3_entry
                0x0000000010000378                main
 .text          0x00000000100005e4      0x914 build\cpu\mmu.o
                0x00000000100005e4                mmu_memset
                0x00000000100006a4                mmu_init
                0x0000000010000728                mmu_enable
                0x0000000010000950                armv8_map_2M
                0x0000000010000a40                mmu_memset2
                0x0000000010000d1c                armv8_map
                0x0000000010000d54                rt_hw_dcache_enable
                0x0000000010000d94                rt_hw_dcache_flush_all
                0x0000000010000de0                rt_hw_dcache_flush_range
                0x0000000010000e14                rt_hw_dcache_invalidate_range
                0x0000000010000e48                rt_hw_dcache_invalidate_all
                0x0000000010000e60                rt_hw_dcache_disable
                0x0000000010000e9c                rt_hw_icache_enable
                0x0000000010000ec0                rt_hw_icache_invalidate_all
                0x0000000010000ed8                rt_hw_icache_disable
 .text          0x0000000010000ef8      0x2c8 build\cpu\secondary_cpu.o
                0x0000000010000ef8                rt_hw_secondary_cpu_up
                0x0000000010001120                secondary_cpu_c_start
                0x00000000100011b4                rt_hw_secondary_cpu_idle_exec
 .text          0x00000000100011c0      0x1a4 build\cpu\cpu.o
                0x00000000100011c0                rt_hw_cpu_id
                0x0000000010001244                rt_hw_spin_lock_init
                0x0000000010001260                rt_hw_spin_lock
                0x00000000100012d0                rt_hw_spin_unlock
                0x0000000010001310                rt_hw_cpu_shutdown
 .text          0x0000000010001364      0x360 build\cpu\trap.o
                0x0000000010001364                rt_hw_show_register
                0x000000001000158c                rt_hw_trap_error
                0x00000000100015d0                rt_hw_trap_irq
                0x0000000010001658                rt_hw_trap_fiq
 *fill*         0x00000000100016c4       0x3c 
 .text          0x0000000010001700      0x89c build\cpu\context_gcc.o
                0x0000000010001700                rt_hw_gtimer_enable
                0x000000001000170c                rt_hw_gtimer_clear
                0x0000000010001720                rt_hw_set_gtimer_val
                0x0000000010001728                rt_hw_get_gtimer_val
                0x0000000010001730                rt_hw_get_cntpct_val
                0x0000000010001738                rt_hw_get_gtimer_frq
                0x0000000010001740                rt_hw_interrupt_disable
                0x0000000010001750                rt_hw_local_irq_disable
                0x0000000010001760                rt_hw_interrupt_enable
                0x0000000010001778                rt_hw_local_irq_enable
                0x0000000010001790                rt_hw_context_switch_to
                0x000000001000183c                rt_hw_context_switch
                0x0000000010001984                rt_hw_context_switch_interrupt
                0x0000000010001b00                vector_fiq
                0x0000000010001d00                vector_irq
                0x0000000010001f00                vector_error
 .text          0x0000000010001f9c      0x3b0 build\cpu\stack.o
                0x0000000010001f9c                rt_hw_stack_init
 *fill*         0x000000001000234c      0x4b4 
 .text          0x0000000010002800      0x804 build\cpu\vector_gcc.o
                0x0000000010002800                system_vectors
 .text          0x0000000010003004      0x3e4 build\cpu\interrupt.o
                0x000000001000300c                rt_hw_vector_init
                0x000000001000302c                rt_hw_interrupt_init
                0x000000001000306c                rt_hw_interrupt_install
                0x00000000100030fc                rt_hw_interrupt_mask
                0x0000000010003120                rt_hw_interrupt_umask
                0x0000000010003144                rt_hw_interrupt_get_irq
                0x0000000010003160                rt_hw_interrupt_ack
                0x0000000010003184                rt_hw_interrupt_set_target_cpus
                0x00000000100031b0                rt_hw_interrupt_get_target_cpus
                0x00000000100031d0                rt_hw_interrupt_set_triger_mode
                0x00000000100031fc                rt_hw_interrupt_get_triger_mode
                0x000000001000321c                rt_hw_interrupt_set_pending
                0x0000000010003240                rt_hw_interrupt_get_pending
                0x0000000010003260                rt_hw_interrupt_clear_pending
                0x0000000010003284                rt_hw_interrupt_set_priority
                0x00000000100032b0                rt_hw_interrupt_get_priority
                0x00000000100032d0                rt_hw_interrupt_set_priority_mask
                0x00000000100032f4                rt_hw_interrupt_get_priority_mask
                0x000000001000330c                rt_hw_interrupt_set_prior_group_bits
                0x0000000010003358                rt_hw_interrupt_get_prior_group_bits
                0x0000000010003384                rt_hw_ipi_send
                0x00000000100033b4                rt_hw_ipi_handler_install
 .text          0x00000000100033e8       0xe8 build\cpu\cpu_gcc.o
                0x00000000100033e8                rt_hw_get_current_el
                0x0000000010003428                rt_hw_set_current_vbar
                0x0000000010003464                rt_hw_set_elx_env
 .text          0x00000000100034d0      0x11c build\cpu\cache.o
                0x00000000100034d0                __asm_dcache_level
                0x0000000010003534                __asm_dcache_all
                0x0000000010003594                __asm_flush_dcache_all
                0x000000001000359c                __asm_invalidate_dcache_all
                0x00000000100035a4                __asm_flush_dcache_range
                0x00000000100035d8                __asm_invalidate_icache_all
                0x00000000100035e4                __asm_flush_l3_cache
 .text          0x00000000100035ec     0x1ffc build\cpu\gicv3.o
                0x00000000100035f4                arm_gic_cpumask_to_affval
                0x00000000100036bc                get_main_cpu_affval
                0x00000000100036c4                arm_gic_get_active_irq
                0x0000000010003734                arm_gic_ack
                0x0000000010003780                arm_gic_mask
                0x00000000100038c0                arm_gic_umask
                0x0000000010003a00                arm_gic_get_pending_irq
                0x0000000010003b34                arm_gic_set_pending_irq
                0x0000000010003c2c                arm_gic_clear_pending_irq
                0x0000000010003d40                arm_gic_set_configuration
                0x0000000010003e74                arm_gic_get_configuration
                0x0000000010003f24                arm_gic_clear_active
                0x0000000010003fe4                arm_gic_set_cpu
                0x0000000010004110                arm_gic_get_target_cpu
                0x00000000100041c0                arm_gic_set_priority
                0x0000000010004420                arm_gic_get_priority
                0x000000001000456c                arm_gic_set_system_register_enable_mask
                0x00000000100045c4                arm_gic_get_system_register_enable_mask
                0x0000000010004608                arm_gic_set_interface_prior_mask
                0x000000001000465c                arm_gic_get_interface_prior_mask
                0x00000000100046a0                arm_gic_set_binary_point
                0x00000000100046cc                arm_gic_get_binary_point
                0x00000000100046e8                arm_gic_get_irq_status
                0x0000000010004800                arm_gic_send_affinity_sgi
                0x00000000100048ec                arm_gic_get_high_pending_irq
                0x0000000010004930                arm_gic_get_interface_id
                0x000000001000498c                arm_gic_set_group
                0x0000000010004ae4                arm_gic_get_group
                0x0000000010004c64                arm_gic_dist_init
                0x0000000010004fac                arm_gic_redist_address_set
                0x0000000010005040                arm_gic_cpu_interface_address_set
                0x00000000100050d0                arm_gic_redist_init
                0x0000000010005288                arm_gic_cpu_init
                0x00000000100052e0                arm_gic_secondary_cpu_init
                0x0000000010005304                arm_gic_dump_type
                0x00000000100053e8                arm_gic_dump
                0x00000000100055c4                gic_dump
 .text          0x00000000100055e8      0x2cc build\driver\board.o
                0x00000000100055f0                rt_tick_set_period
                0x000000001000563c                rt_hw_timer_isr
                0x0000000010005660                rt_hw_timer_init
                0x000000001000569c                idle_wfi
                0x00000000100056a8                ipi_handler
                0x00000000100056c8                rt_hw_board_init
                0x0000000010005868                rk_show
 .text          0x00000000100058b4      0x524 build\driver\drv_uart.o
                0x0000000010005c94                debug
                0x0000000010005cd8                rt_hw_uart_init
 .text          0x0000000010005dd8      0x194 build\driver\drv_led.o
                0x0000000010005dd8                rk_led_delay
                0x0000000010005e34                rk_led_mode
 .text          0x0000000010005f6c      0x33c build\kernel\src\cpu.o
                0x0000000010006030                rt_spin_lock_init
                0x0000000010006050                rt_spin_lock
                0x0000000010006074                rt_spin_unlock
                0x0000000010006098                rt_spin_lock_irqsave
                0x00000000100060c4                rt_spin_unlock_irqrestore
                0x00000000100060f4                rt_cpu_self
                0x0000000010006120                rt_cpu_index
                0x0000000010006148                rt_cpus_lock
                0x00000000100061d8                rt_cpus_unlock
                0x0000000010006260                rt_cpus_lock_status_restore
 .text          0x00000000100062a8      0x1d0 build\kernel\src\clock.o
                0x00000000100062a8                rt_tick_get
                0x00000000100062c4                rt_tick_set
                0x0000000010006300                rt_tick_increase
                0x000000001000639c                rt_tick_from_millisecond
                0x0000000010006458                rt_tick_get_millisecond
 .text          0x0000000010006478      0x8e8 build\kernel\src\object.o
                0x0000000010006520                rt_object_attach_sethook
                0x0000000010006544                rt_object_detach_sethook
                0x0000000010006568                rt_object_trytake_sethook
                0x000000001000658c                rt_object_take_sethook
                0x00000000100065b0                rt_object_put_sethook
                0x00000000100065d4                rt_object_get_information
                0x0000000010006644                rt_object_get_length
                0x00000000100066d4                rt_object_get_pointers
                0x00000000100067bc                rt_object_init
                0x000000001000690c                rt_object_detach
                0x000000001000699c                rt_object_allocate
                0x0000000010006af4                rt_object_delete
                0x0000000010006bb8                rt_object_is_systemobject
                0x0000000010006c10                rt_object_get_type
                0x0000000010006c58                rt_object_find
 .text          0x0000000010006d60     0x1024 build\kernel\src\timer.o
                0x0000000010006e60                rt_timer_enter_sethook
                0x0000000010006e84                rt_timer_exit_sethook
                0x0000000010007014                rt_timer_init
                0x000000001000708c                rt_timer_detach
                0x000000001000715c                rt_timer_create
                0x00000000100071c0                rt_timer_delete
                0x0000000010007290                rt_timer_start
                0x0000000010007648                rt_timer_stop
                0x000000001000772c                rt_timer_control
                0x00000000100078a8                rt_timer_check
                0x0000000010007a4c                rt_timer_next_timeout_tick
                0x0000000010007a68                rt_soft_timer_check
                0x0000000010007ca8                rt_system_timer_init
                0x0000000010007cf8                rt_system_timer_thread_init
 .text          0x0000000010007d84      0x980 build\kernel\src\device.o
                0x0000000010007e04                rt_device_register
                0x0000000010007e90                rt_device_unregister
                0x0000000010007f28                rt_device_find
                0x0000000010007f48                rt_device_create
                0x0000000010007fc0                rt_device_destroy
                0x0000000010008060                rt_device_init
                0x0000000010008118                rt_device_open
                0x00000000100082e8                rt_device_close
                0x00000000100083e0                rt_device_read
                0x00000000100084ac                rt_device_write
                0x0000000010008578                rt_device_control
                0x0000000010008614                rt_device_set_rx_indicate
                0x000000001000868c                rt_device_set_tx_complete
 .text          0x0000000010008704      0xd84 build\kernel\src\scheduler.o
                0x0000000010008804                rt_scheduler_sethook
                0x0000000010008828                rt_scheduler_switch_sethook
                0x00000000100089ec                rt_system_scheduler_init
                0x0000000010008ab4                rt_system_scheduler_start
                0x0000000010008b04                rt_scheduler_ipi_handler
                0x0000000010008b24                rt_schedule
                0x0000000010008d4c                rt_scheduler_do_irq_switch
                0x0000000010008fb0                rt_schedule_insert_thread
                0x0000000010009190                rt_schedule_remove_thread
                0x00000000100092ac                rt_enter_critical
                0x0000000010009374                rt_exit_critical
                0x0000000010009464                rt_critical_level
 .text          0x0000000010009488     0x3ae8 build\kernel\src\ipc.o
                0x00000000100096fc                rt_sem_init
                0x00000000100097d0                rt_sem_detach
                0x0000000010009874                rt_sem_create
                0x0000000010009980                rt_sem_delete
                0x0000000010009a70                rt_sem_take
                0x0000000010009ca8                rt_sem_trytake
                0x0000000010009cc8                rt_sem_release
                0x0000000010009de8                rt_sem_control
                0x0000000010009ea4                rt_mutex_init
                0x0000000010009f34                rt_mutex_detach
                0x0000000010009fd8                rt_mutex_create
                0x000000001000a0a0                rt_mutex_delete
                0x000000001000a190                rt_mutex_take
                0x000000001000a4bc                rt_mutex_trytake
                0x000000001000a4dc                rt_mutex_release
                0x000000001000a7ac                rt_mutex_control
                0x000000001000a81c                rt_event_init
                0x000000001000a8bc                rt_event_detach
                0x000000001000a960                rt_event_create
                0x000000001000aa38                rt_event_delete
                0x000000001000ab28                rt_event_send
                0x000000001000ad58                rt_event_recv
                0x000000001000b0d0                rt_event_control
                0x000000001000b17c                rt_mb_init
                0x000000001000b25c                rt_mb_detach
                0x000000001000b30c                rt_mb_create
                0x000000001000b454                rt_mb_delete
                0x000000001000b55c                rt_mb_send_wait
                0x000000001000b8b8                rt_mb_send
                0x000000001000b8e0                rt_mb_urgent
                0x000000001000ba68                rt_mb_recv
                0x000000001000bdfc                rt_mb_control
                0x000000001000bec4                rt_mq_init
                0x000000001000c050                rt_mq_detach
                0x000000001000c100                rt_mq_create
                0x000000001000c2f0                rt_mq_delete
                0x000000001000c3f8                rt_mq_send_wait
                0x000000001000c7e8                rt_mq_send
                0x000000001000c818                rt_mq_urgent
                0x000000001000ca38                rt_mq_recv
                0x000000001000ce50                rt_mq_control
 .text          0x000000001000cf70     0x1010 build\kernel\src\mem.o
                0x000000001000cf70                rt_malloc_sethook
                0x000000001000cf94                rt_free_sethook
                0x000000001000d1c0                rt_system_heap_init
                0x000000001000d3b4                rt_malloc
                0x000000001000d8a0                rt_realloc
                0x000000001000db98                rt_calloc
                0x000000001000dbf0                rt_free
                0x000000001000de90                rt_memory_info
                0x000000001000df18                list_mem
 .text          0x000000001000df80      0x210 build\kernel\src\components.o
                0x000000001000dfa0                rt_components_board_init
                0x000000001000dff4                rt_components_init
                0x000000001000e048                entry
                0x000000001000e060                main_thread_entry
                0x000000001000e090                rt_application_init
                0x000000001000e0f8                rtthread_startup
 .text          0x000000001000e190      0x130 build\kernel\src\irq.o
                0x000000001000e190                rt_interrupt_enter_sethook
                0x000000001000e1b4                rt_interrupt_leave_sethook
                0x000000001000e1d8                rt_interrupt_enter
                0x000000001000e234                rt_interrupt_leave
                0x000000001000e290                rt_interrupt_get_nest
 .text          0x000000001000e2c0     0x1eec build\kernel\src\kservice.o
                0x000000001000e2c0                rt_get_errno
                0x000000001000e324                rt_set_errno
                0x000000001000e398                _rt_errno
                0x000000001000e3ec                rt_memset
                0x000000001000e54c                rt_memcpy
                0x000000001000e6d4                rt_memmove
                0x000000001000e7c0                rt_memcmp
                0x000000001000e854                rt_strstr
                0x000000001000e8ec                rt_strcasecmp
                0x000000001000e998                rt_strncpy
                0x000000001000ea44                rt_strncmp
                0x000000001000eac4                rt_strcmp
                0x000000001000eb34                rt_strlen
                0x000000001000eb78                rt_strnlen
                0x000000001000ebdc                rt_strdup
                0x000000001000ec34                rt_show_version
                0x000000001000f0ec                rt_vsnprintf
                0x000000001000fb0c                rt_snprintf
                0x000000001000fbbc                rt_vsprintf
                0x000000001000fc10                rt_sprintf
                0x000000001000fcbc                rt_console_get_device
                0x000000001000fccc                rt_console_set_device
                0x000000001000fd64                rt_hw_console_output
                0x000000001000fd78                rt_kputs
                0x000000001000fdf0                rt_kprintf
                0x000000001000ff04                rt_malloc_align
                0x000000001000fffc                rt_free_align
                0x000000001001002c                __rt_ffs
                0x0000000010010104                rt_assert_set_hook
                0x0000000010010128                rt_assert_handler
 .text          0x00000000100101ac      0x548 build\kernel\src\idle.o
                0x0000000010010254                rt_thread_idle_sethook
                0x00000000100102d8                rt_thread_idle_delhook
                0x000000001001035c                rt_thread_defunct_enqueue
                0x0000000010010398                rt_thread_defunct_dequeue
                0x000000001001057c                rt_thread_idle_init
                0x00000000100106bc                rt_thread_idle_gethandler
 .text          0x00000000100106f4      0xffc build\kernel\src\thread.o
                0x000000001001077c                rt_thread_suspend_sethook
                0x00000000100107a0                rt_thread_resume_sethook
                0x00000000100107c4                rt_thread_inited_sethook
                0x0000000010010a9c                rt_thread_init
                0x0000000010010b48                rt_thread_self
                0x0000000010010b78                rt_thread_startup
                0x0000000010010c60                rt_thread_detach
                0x0000000010010d7c                rt_thread_create
                0x0000000010010e18                rt_thread_delete
                0x0000000010010f18                rt_thread_yield
                0x0000000010010f70                rt_thread_sleep
                0x0000000010011040                rt_thread_delay
                0x000000001001105c                rt_thread_delay_until
                0x00000000100111bc                rt_thread_mdelay
                0x00000000100111e4                rt_thread_control
                0x00000000100113d4                rt_thread_suspend
                0x0000000010011514                rt_thread_resume
                0x00000000100115f8                rt_thread_timeout
                0x00000000100116d0                rt_thread_find
 .text          0x00000000100116f0      0xd74 build\kernel\components\dfs\src\dfs_fs.o
                0x00000000100116f0                dfs_register
                0x0000000010011814                dfs_filesystem_lookup
                0x0000000010011954                dfs_filesystem_get_mounted_path
                0x00000000100119e0                dfs_filesystem_get_partition
                0x0000000010011c34                dfs_mount
                0x0000000010011f9c                dfs_unmount
                0x00000000100120f4                dfs_mkfs
                0x0000000010012280                dfs_statfs
                0x00000000100122e4                mkfs
                0x000000001001230c                df
 .text          0x0000000010012464      0xdb0 build\kernel\components\dfs\src\dfs.o
                0x0000000010012464                dfs_init
                0x000000001001254c                dfs_lock
                0x00000000100125b0                dfs_unlock
                0x00000000100127e0                fd_new
                0x0000000010012890                fd_get
                0x000000001001294c                fd_put
                0x0000000010012a30                fd_is_open
                0x0000000010012bac                dfs_subdir
                0x0000000010012c38                dfs_normalize_path
                0x0000000010012fe8                dfs_fdtable_get
                0x0000000010013004                list_fd
 .text          0x0000000010013214     0x1304 build\kernel\components\dfs\src\dfs_file.o
                0x0000000010013214                dfs_file_open
                0x000000001001341c                dfs_file_close
                0x00000000100134a0                dfs_file_ioctl
                0x000000001001359c                dfs_file_read
                0x0000000010013630                dfs_file_getdents
                0x00000000100136ac                dfs_file_unlink
                0x00000000100137f8                dfs_file_write
                0x0000000010013860                dfs_file_flush
                0x00000000100138b8                dfs_file_lseek
                0x0000000010013938                dfs_file_stat
                0x0000000010013b14                dfs_file_rename
                0x0000000010013c78                dfs_file_ftruncate
                0x0000000010013d20                ls
                0x0000000010013ed0                rm
                0x0000000010013f08                cat
                0x0000000010014314                copy
 .text          0x0000000010014518      0x8a4 build\kernel\components\dfs\filesystems\devfs\devfs.o
                0x0000000010014518                dfs_device_fs_mount
                0x0000000010014534                dfs_device_fs_ioctl
                0x00000000100145d0                dfs_device_fs_read
                0x000000001001467c                dfs_device_fs_write
                0x0000000010014728                dfs_device_fs_close
                0x000000001001480c                dfs_device_fs_open
                0x0000000010014aa0                dfs_device_fs_stat
                0x0000000010014c10                dfs_device_fs_getdents
                0x0000000010014d9c                devfs_init
 .text          0x0000000010014dbc     0x24e8 build\kernel\components\drivers\serial\serial.o
                0x0000000010016d98                rt_hw_serial_register
                0x0000000010016e98                rt_hw_serial_isr
 .text          0x00000000100172a4      0x330 build\kernel\components\drivers\src\completion.o
                0x000000001001734c                rt_completion_init
                0x00000000100173ac                rt_completion_wait
                0x000000001001752c                rt_completion_done
 .text          0x00000000100175d4      0x3cc build\kernel\components\drivers\src\waitqueue.o
                0x00000000100176d4                rt_wqueue_add
                0x000000001001771c                rt_wqueue_remove
                0x0000000010017750                __wqueue_default_wake
                0x0000000010017768                rt_wqueue_wakeup
                0x0000000010017844                rt_wqueue_wait
 .text          0x00000000100179a0      0xcc4 build\kernel\components\drivers\src\dataqueue.o
                0x0000000010017a48                rt_data_queue_init
                0x0000000010017b70                rt_data_queue_push
                0x0000000010017e88                rt_data_queue_pop
                0x000000001001823c                rt_data_queue_peek
                0x000000001001833c                rt_data_queue_reset
                0x000000001001849c                rt_data_queue_deinit
                0x0000000010018534                rt_data_queue_len
 .text          0x0000000010018664     0x1460 build\kernel\components\finsh\shell.o
                0x0000000010018664                finsh_set_prompt
                0x0000000010018700                finsh_get_prompt
                0x0000000010018820                finsh_get_prompt_mode
                0x0000000010018874                finsh_set_prompt_mode
                0x00000000100188dc                finsh_getchar
                0x00000000100189d4                finsh_set_device
                0x0000000010018b24                finsh_get_device
                0x0000000010018b70                finsh_set_echo
                0x0000000010018bd8                finsh_get_echo
                0x0000000010018efc                finsh_thread_entry
                0x00000000100199a4                finsh_system_function_init
                0x00000000100199dc                finsh_system_init
 .text          0x0000000010019ac4      0xbf8 build\kernel\components\finsh\msh.o
                0x0000000010019ac4                msh_help
                0x0000000010019b50                cmd_ps
                0x0000000010019b70                cmd_free
                0x000000001001a02c                msh_exec
                0x000000001001a1b4                msh_auto_complete_path
                0x000000001001a548                msh_auto_complete
 .text          0x000000001001a6bc     0x1350 build\kernel\components\finsh\msh_file.o
                0x000000001001a7d0                msh_exec_script
 .text          0x000000001001ba0c     0x1424 build\kernel\components\finsh\cmd.o
                0x000000001001ba84                hello
                0x000000001001bac4                version
                0x000000001001bce4                list_thread
                0x000000001001c074                list_sem
                0x000000001001c228                list_event
                0x000000001001c3c4                list_mutex
                0x000000001001c528                list_mailbox
                0x000000001001c704                list_msgqueue
                0x000000001001c8b8                list_mempool
                0x000000001001caac                list_timer
                0x000000001001cc28                list_device
                0x000000001001cd8c                list
 .text          0x000000001001ce30       0x6c build\kernel\components\libc\compilers\common\stdlib.o
                0x000000001001ce30                __rt_libc_exit
 .text          0x000000001001ce9c      0x524 build\kernel\components\libc\compilers\gcc\newlib\syscalls.o
                0x000000001001ce9c                _malloc_r
                0x000000001001cedc                _realloc_r
                0x000000001001cf24                _calloc_r
                0x000000001001cf6c                _free_r
                0x000000001001cf90                __libc_init_array
                0x000000001001cf98                __errno
                0x000000001001cfac                _getpid_r
                0x000000001001cfc0                _close_r
                0x000000001001cfe0                _execve_r
                0x000000001001d00c                _fcntl_r
                0x000000001001d038                _fork_r
                0x000000001001d058                _fstat_r
                0x000000001001d080                _isatty_r
                0x000000001001d0b8                _kill_r
                0x000000001001d0e0                _link_r
                0x000000001001d108                _wait_r
                0x000000001001d12c                umask
                0x000000001001d140                flock
                0x000000001001d158                _lseek_r
                0x000000001001d190                _mkdir_r
                0x000000001001d1c4                _open_r
                0x000000001001d1fc                _read_r
                0x000000001001d284                _rename_r
                0x000000001001d2b4                _stat_r
                0x000000001001d2e4                _unlink_r
                0x000000001001d304                _write_r
                0x000000001001d3a8                _exit
 .text          0x000000001001d3c0      0xecc build\kernel\components\libc\posix\src\unistd.o
                0x000000001001d3c0                open
                0x000000001001d48c                close
                0x000000001001d504                read
                0x000000001001d58c                write
                0x000000001001d614                lseek
                0x000000001001d738                rename
                0x000000001001d780                unlink
                0x000000001001d7c0                stat
                0x000000001001d808                fstat
                0x000000001001d8c0                fsync
                0x000000001001d914                fcntl
                0x000000001001da4c                ioctl
                0x000000001001db2c                ftruncate
                0x000000001001dbd0                statfs
                0x000000001001dc18                mkdir
                0x000000001001dcc0                rmdir
                0x000000001001dd00                opendir
                0x000000001001dddc                readdir
                0x000000001001df00                telldir
                0x000000001001df78                seekdir
                0x000000001001dfec                rewinddir
                0x000000001001e05c                closedir
                0x000000001001e0e0                chdir
                0x000000001001e1cc                access
                0x000000001001e208                getcwd
                0x000000001001e240                isatty
                0x000000001001e274                ttyname
 *fill*         0x000000001001e28c       0x34 
 .text          0x000000001001e2c0      0x110 e:/firefly3399/env_released_1.2.0/env/tools/gnu_gcc/aarch64_gcc/mingw/bin/../lib/gcc/aarch64-none-elf/10.2.1\libc.a(lib_a-memcmp.o)
                0x000000001001e2c0                memcmp
 *fill*         0x000000001001e3d0       0x30 
 .text          0x000000001001e400      0x16c e:/firefly3399/env_released_1.2.0/env/tools/gnu_gcc/aarch64_gcc/mingw/bin/../lib/gcc/aarch64-none-elf/10.2.1\libc.a(lib_a-memcpy.o)
                0x000000001001e400                memcpy
 *fill*         0x000000001001e56c       0x14 
 .text          0x000000001001e580      0x1dc e:/firefly3399/env_released_1.2.0/env/tools/gnu_gcc/aarch64_gcc/mingw/bin/../lib/gcc/aarch64-none-elf/10.2.1\libc.a(lib_a-memset.o)
                0x000000001001e580                memset
 *fill*         0x000000001001e75c       0x24 
 .text          0x000000001001e780       0xe4 e:/firefly3399/env_released_1.2.0/env/tools/gnu_gcc/aarch64_gcc/mingw/bin/../lib/gcc/aarch64-none-elf/10.2.1\libc.a(lib_a-strcmp.o)
                0x000000001001e780                strcmp
 *fill*         0x000000001001e864       0x1c 
 .text          0x000000001001e880      0x1b8 e:/firefly3399/env_released_1.2.0/env/tools/gnu_gcc/aarch64_gcc/mingw/bin/../lib/gcc/aarch64-none-elf/10.2.1\libc.a(lib_a-strcpy.o)
                0x000000001001e880                strcpy
 *fill*         0x000000001001ea38        0x8 
 .text          0x000000001001ea40      0x140 e:/firefly3399/env_released_1.2.0/env/tools/gnu_gcc/aarch64_gcc/mingw/bin/../lib/gcc/aarch64-none-elf/10.2.1\libc.a(lib_a-strlen.o)
                0x000000001001ea40                strlen
 .text          0x000000001001eb80      0x1d4 e:/firefly3399/env_released_1.2.0/env/tools/gnu_gcc/aarch64_gcc/mingw/bin/../lib/gcc/aarch64-none-elf/10.2.1\libc.a(lib_a-strncmp.o)
                0x000000001001eb9c                strncmp
 .text          0x000000001001ed54      0x100 e:/firefly3399/env_released_1.2.0/env/tools/gnu_gcc/aarch64_gcc/mingw/bin/../lib/gcc/aarch64-none-elf/10.2.1\libc.a(lib_a-strrchr.o)
                0x000000001001ed54                strrchr
 .text          0x000000001001ee54       0xdc e:/firefly3399/env_released_1.2.0/env/tools/gnu_gcc/aarch64_gcc/mingw/bin/../lib/gcc/aarch64-none-elf/10.2.1\libc.a(lib_a-strchr.o)
                0x000000001001ee54                strchr
 *fill*         0x000000001001ef30       0x10 
 .text          0x000000001001ef40       0xe0 e:/firefly3399/env_released_1.2.0/env/tools/gnu_gcc/aarch64_gcc/mingw/bin/../lib/gcc/aarch64-none-elf/10.2.1\libc.a(lib_a-strnlen.o)
                0x000000001001ef64                strnlen
 *(.text.*)
 .text.atoi     0x000000001001f020       0x1c e:/firefly3399/env_released_1.2.0/env/tools/gnu_gcc/aarch64_gcc/mingw/bin/../lib/gcc/aarch64-none-elf/10.2.1\libc.a(lib_a-atoi.o)
                0x000000001001f020                atoi
 *fill*         0x000000001001f03c        0x4 
 .text.getchar  0x000000001001f040       0x10 e:/firefly3399/env_released_1.2.0/env/tools/gnu_gcc/aarch64_gcc/mingw/bin/../lib/gcc/aarch64-none-elf/10.2.1\libc.a(lib_a-getchar.o)
                0x000000001001f040                getchar
 .text._getc_r  0x000000001001f050       0x74 e:/firefly3399/env_released_1.2.0/env/tools/gnu_gcc/aarch64_gcc/mingw/bin/../lib/gcc/aarch64-none-elf/10.2.1\libc.a(lib_a-getc.o)
                0x000000001001f050                _getc_r
 *fill*         0x000000001001f0c4        0xc 
 .text.__srget_r
                0x000000001001f0d0       0x68 e:/firefly3399/env_released_1.2.0/env/tools/gnu_gcc/aarch64_gcc/mingw/bin/../lib/gcc/aarch64-none-elf/10.2.1\libc.a(lib_a-rget.o)
                0x000000001001f0d0                __srget_r
 *fill*         0x000000001001f138        0x8 
 .text.strncpy  0x000000001001f140       0x9c e:/firefly3399/env_released_1.2.0/env/tools/gnu_gcc/aarch64_gcc/mingw/bin/../lib/gcc/aarch64-none-elf/10.2.1\libc.a(lib_a-strncpy.o)
                0x000000001001f140                strncpy
 *fill*         0x000000001001f1dc        0x4 
 .text.two_way_long_needle
                0x000000001001f1e0      0x420 e:/firefly3399/env_released_1.2.0/env/tools/gnu_gcc/aarch64_gcc/mingw/bin/../lib/gcc/aarch64-none-elf/10.2.1\libc.a(lib_a-strstr.o)
 .text.strstr   0x000000001001f600      0x248 e:/firefly3399/env_released_1.2.0/env/tools/gnu_gcc/aarch64_gcc/mingw/bin/../lib/gcc/aarch64-none-elf/10.2.1\libc.a(lib_a-strstr.o)
                0x000000001001f600                strstr
 *fill*         0x000000001001f848        0x8 
 .text._strtol_l.part.0
                0x000000001001f850      0x18c e:/firefly3399/env_released_1.2.0/env/tools/gnu_gcc/aarch64_gcc/mingw/bin/../lib/gcc/aarch64-none-elf/10.2.1\libc.a(lib_a-strtol.o)
 *fill*         0x000000001001f9dc        0x4 
 .text.strtol   0x000000001001f9e0       0x44 e:/firefly3399/env_released_1.2.0/env/tools/gnu_gcc/aarch64_gcc/mingw/bin/../lib/gcc/aarch64-none-elf/10.2.1\libc.a(lib_a-strtol.o)
                0x000000001001f9e0                strtol
 *fill*         0x000000001001fa24        0xc 
 .text._cleanup_r
                0x000000001001fa30        0xc e:/firefly3399/env_released_1.2.0/env/tools/gnu_gcc/aarch64_gcc/mingw/bin/../lib/gcc/aarch64-none-elf/10.2.1\libc.a(lib_a-findfp.o)
                0x000000001001fa30                _cleanup_r
 *fill*         0x000000001001fa3c        0x4 
 .text.__sinit.part.0
                0x000000001001fa40      0x138 e:/firefly3399/env_released_1.2.0/env/tools/gnu_gcc/aarch64_gcc/mingw/bin/../lib/gcc/aarch64-none-elf/10.2.1\libc.a(lib_a-findfp.o)
 *fill*         0x000000001001fb78        0x8 
 .text.__sinit  0x000000001001fb80       0x10 e:/firefly3399/env_released_1.2.0/env/tools/gnu_gcc/aarch64_gcc/mingw/bin/../lib/gcc/aarch64-none-elf/10.2.1\libc.a(lib_a-findfp.o)
                0x000000001001fb80                __sinit
 .text.__sfp_lock_acquire
                0x000000001001fb90        0x4 e:/firefly3399/env_released_1.2.0/env/tools/gnu_gcc/aarch64_gcc/mingw/bin/../lib/gcc/aarch64-none-elf/10.2.1\libc.a(lib_a-findfp.o)
                0x000000001001fb90                __sfp_lock_acquire
 *fill*         0x000000001001fb94        0xc 
 .text.__sfp_lock_release
                0x000000001001fba0        0x4 e:/firefly3399/env_released_1.2.0/env/tools/gnu_gcc/aarch64_gcc/mingw/bin/../lib/gcc/aarch64-none-elf/10.2.1\libc.a(lib_a-findfp.o)
                0x000000001001fba0                __sfp_lock_release
 *fill*         0x000000001001fba4        0xc 
 .text._fwalk   0x000000001001fbb0       0x98 e:/firefly3399/env_released_1.2.0/env/tools/gnu_gcc/aarch64_gcc/mingw/bin/../lib/gcc/aarch64-none-elf/10.2.1\libc.a(lib_a-fwalk.o)
                0x000000001001fbb0                _fwalk
 *fill*         0x000000001001fc48        0x8 
 .text._fwalk_reent
                0x000000001001fc50       0xa4 e:/firefly3399/env_released_1.2.0/env/tools/gnu_gcc/aarch64_gcc/mingw/bin/../lib/gcc/aarch64-none-elf/10.2.1\libc.a(lib_a-fwalk.o)
                0x000000001001fc50                _fwalk_reent
 *fill*         0x000000001001fcf4        0xc 
 .text.lflush   0x000000001001fd00       0x20 e:/firefly3399/env_released_1.2.0/env/tools/gnu_gcc/aarch64_gcc/mingw/bin/../lib/gcc/aarch64-none-elf/10.2.1\libc.a(lib_a-refill.o)
 .text.__srefill_r
                0x000000001001fd20      0x1ec e:/firefly3399/env_released_1.2.0/env/tools/gnu_gcc/aarch64_gcc/mingw/bin/../lib/gcc/aarch64-none-elf/10.2.1\libc.a(lib_a-refill.o)
                0x000000001001fd20                __srefill_r
 *fill*         0x000000001001ff0c        0x4 
 .text.__sread  0x000000001001ff10       0x50 e:/firefly3399/env_released_1.2.0/env/tools/gnu_gcc/aarch64_gcc/mingw/bin/../lib/gcc/aarch64-none-elf/10.2.1\libc.a(lib_a-stdio.o)
                0x000000001001ff10                __sread
 .text.__swrite
                0x000000001001ff60       0x6c e:/firefly3399/env_released_1.2.0/env/tools/gnu_gcc/aarch64_gcc/mingw/bin/../lib/gcc/aarch64-none-elf/10.2.1\libc.a(lib_a-stdio.o)
                0x000000001001ff60                __swrite
 *fill*         0x000000001001ffcc        0x4 
 .text.__sseek  0x000000001001ffd0       0x50 e:/firefly3399/env_released_1.2.0/env/tools/gnu_gcc/aarch64_gcc/mingw/bin/../lib/gcc/aarch64-none-elf/10.2.1\libc.a(lib_a-stdio.o)
                0x000000001001ffd0                __sseek
 .text.__sclose
                0x0000000010020020        0x8 e:/firefly3399/env_released_1.2.0/env/tools/gnu_gcc/aarch64_gcc/mingw/bin/../lib/gcc/aarch64-none-elf/10.2.1\libc.a(lib_a-stdio.o)
                0x0000000010020020                __sclose
 *fill*         0x0000000010020028        0x8 
 .text._fclose_r.part.0
                0x0000000010020030       0xa8 e:/firefly3399/env_released_1.2.0/env/tools/gnu_gcc/aarch64_gcc/mingw/bin/../lib/gcc/aarch64-none-elf/10.2.1\libc.a(lib_a-fclose.o)
 *fill*         0x00000000100200d8        0x8 
 .text._fclose_r
                0x00000000100200e0       0x68 e:/firefly3399/env_released_1.2.0/env/tools/gnu_gcc/aarch64_gcc/mingw/bin/../lib/gcc/aarch64-none-elf/10.2.1\libc.a(lib_a-fclose.o)
                0x00000000100200e0                _fclose_r
 *fill*         0x0000000010020148        0x8 
 .text.__sflush_r
                0x0000000010020150      0x228 e:/firefly3399/env_released_1.2.0/env/tools/gnu_gcc/aarch64_gcc/mingw/bin/../lib/gcc/aarch64-none-elf/10.2.1\libc.a(lib_a-fflush.o)
                0x0000000010020150                __sflush_r
 *fill*         0x0000000010020378        0x8 
 .text._fflush_r
                0x0000000010020380       0x58 e:/firefly3399/env_released_1.2.0/env/tools/gnu_gcc/aarch64_gcc/mingw/bin/../lib/gcc/aarch64-none-elf/10.2.1\libc.a(lib_a-fflush.o)
                0x0000000010020380                _fflush_r
 *fill*         0x00000000100203d8        0x8 
 .text.fflush   0x00000000100203e0       0x7c e:/firefly3399/env_released_1.2.0/env/tools/gnu_gcc/aarch64_gcc/mingw/bin/../lib/gcc/aarch64-none-elf/10.2.1\libc.a(lib_a-fflush.o)
                0x00000000100203e0                fflush
 *fill*         0x000000001002045c        0x4 
 .text.__smakebuf_r
                0x0000000010020460      0x15c e:/firefly3399/env_released_1.2.0/env/tools/gnu_gcc/aarch64_gcc/mingw/bin/../lib/gcc/aarch64-none-elf/10.2.1\libc.a(lib_a-makebuf.o)
                0x0000000010020460                __smakebuf_r
 *(.rodata)
 *fill*         0x00000000100205bc        0x4 
 .rodata        0x00000000100205c0       0xdd build\applications\main.o
 *fill*         0x000000001002069d        0x3 
 .rodata        0x00000000100206a0       0x6c build\cpu\mmu.o
 *fill*         0x000000001002070c        0x4 
 .rodata        0x0000000010020710       0x69 build\cpu\secondary_cpu.o
 *fill*         0x0000000010020779        0x7 
 .rodata        0x0000000010020780       0x2b build\cpu\cpu.o
 *fill*         0x00000000100207ab        0x5 
 .rodata        0x00000000100207b0      0x253 build\cpu\trap.o
 *fill*         0x0000000010020a03        0x5 
 .rodata        0x0000000010020a08        0xc build\cpu\interrupt.o
 *fill*         0x0000000010020a14        0x4 
 .rodata        0x0000000010020a18      0x429 build\cpu\gicv3.o
 *fill*         0x0000000010020e41        0x7 
 .rodata        0x0000000010020e48       0x60 build\driver\board.o
 .rodata        0x0000000010020ea8       0x97 build\driver\drv_uart.o
 *fill*         0x0000000010020f3f        0x1 
 .rodata        0x0000000010020f40      0x13f build\kernel\src\object.o
 *fill*         0x000000001002107f        0x1 
 .rodata        0x0000000010021080      0x151 build\kernel\src\timer.o
 *fill*         0x00000000100211d1        0x7 
 .rodata        0x00000000100211d8      0x1fa build\kernel\src\device.o
 *fill*         0x00000000100213d2        0x6 
 .rodata        0x00000000100213d8       0xca build\kernel\src\scheduler.o
 *fill*         0x00000000100214a2        0x6 
 .rodata        0x00000000100214a8      0x76e build\kernel\src\ipc.o
 *fill*         0x0000000010021c16        0x2 
 .rodata        0x0000000010021c18      0x378 build\kernel\src\mem.o
 .rodata        0x0000000010021f90      0x114 build\kernel\src\components.o
 *fill*         0x00000000100220a4        0x4 
 .rodata        0x00000000100220a8      0x219 build\kernel\src\kservice.o
                0x0000000010022160                __lowest_bit_bitmap
 *fill*         0x00000000100222c1        0x7 
 .rodata        0x00000000100222c8       0x5b build\kernel\src\idle.o
 *fill*         0x0000000010022323        0x5 
 .rodata        0x0000000010022328      0x2a2 build\kernel\src\thread.o
 *fill*         0x00000000100225ca        0x6 
 .rodata        0x00000000100225d0      0x23d build\kernel\components\dfs\src\dfs_fs.o
 *fill*         0x000000001002280d        0x3 
 .rodata        0x0000000010022810      0x18b build\kernel\components\dfs\src\dfs.o
 *fill*         0x000000001002299b        0x5 
 .rodata        0x00000000100229a0      0x1f4 build\kernel\components\dfs\src\dfs_file.o
 *fill*         0x0000000010022b94        0x4 
 .rodata        0x0000000010022b98      0x187 build\kernel\components\dfs\filesystems\devfs\devfs.o
 *fill*         0x0000000010022d1f        0x1 
 .rodata        0x0000000010022d20      0x3e1 build\kernel\components\drivers\serial\serial.o
 *fill*         0x0000000010023101        0x7 
 .rodata        0x0000000010023108       0xbb build\kernel\components\drivers\src\completion.o
 *fill*         0x00000000100231c3        0x5 
 .rodata        0x00000000100231c8       0x3f build\kernel\components\drivers\src\waitqueue.o
 *fill*         0x0000000010023207        0x1 
 .rodata        0x0000000010023208      0x142 build\kernel\components\drivers\src\dataqueue.o
 *fill*         0x000000001002334a        0x6 
 .rodata        0x0000000010023350      0x147 build\kernel\components\finsh\shell.o
 *fill*         0x0000000010023497        0x1 
 .rodata        0x0000000010023498       0x9e build\kernel\components\finsh\msh.o
 *fill*         0x0000000010023536        0x2 
 .rodata        0x0000000010023538      0x4fa build\kernel\components\finsh\msh_file.o
 *fill*         0x0000000010023a32        0x6 
 .rodata        0x0000000010023a38      0x805 build\kernel\components\finsh\cmd.o
 *fill*         0x000000001002423d        0x3 
 .rodata        0x0000000010024240       0x2a build\kernel\components\libc\compilers\common\stdlib.o
 *fill*         0x000000001002426a        0x6 
 .rodata        0x0000000010024270       0x11 build\kernel\components\libc\posix\src\unistd.o
 *(.rodata*)
 *fill*         0x0000000010024281        0x7 
 .rodata.name   0x0000000010024288       0x20 build\cpu\gicv3.o
                0x0000000010024288                __fsym_gic_dump_name
                0x0000000010024298                __fsym_gic_dump_desc
 .rodata.name   0x00000000100242a8       0x1a build\driver\board.o
                0x00000000100242a8                __fsym_rk_show_name
                0x00000000100242b0                __fsym_rk_show_desc
 *fill*         0x00000000100242c2        0x6 
 .rodata.name   0x00000000100242c8       0x1d build\kernel\components\dfs\src\dfs.o
                0x00000000100242c8                __fsym_list_fd_name
                0x00000000100242d0                __fsym_list_fd_desc
 *fill*         0x00000000100242e5        0x3 
 .rodata.name   0x00000000100242e8       0x75 build\kernel\components\finsh\msh.o
                0x00000000100242e8                __fsym_help_name
                0x00000000100242f0                __fsym_help_desc
                0x0000000010024308                __fsym_ps_name
                0x0000000010024310                __fsym_ps_desc
                0x0000000010024330                __fsym_free_name
                0x0000000010024338                __fsym_free_desc
 *fill*         0x000000001002435d        0x3 
 .rodata.name   0x0000000010024360      0x238 build\kernel\components\finsh\msh_file.o
                0x0000000010024360                __fsym_ls_name
                0x0000000010024368                __fsym_ls_desc
                0x0000000010024390                __fsym_cp_name
                0x0000000010024398                __fsym_cp_desc
                0x00000000100243b0                __fsym_mv_name
                0x00000000100243b8                __fsym_mv_desc
                0x00000000100243d0                __fsym_cat_name
                0x00000000100243d8                __fsym_cat_desc
                0x00000000100243f0                __fsym_rm_name
                0x00000000100243f8                __fsym_rm_desc
                0x0000000010024418                __fsym_cd_name
                0x0000000010024420                __fsym_cd_desc
                0x0000000010024448                __fsym_pwd_name
                0x0000000010024450                __fsym_pwd_desc
                0x0000000010024488                __fsym_mkdir_name
                0x0000000010024490                __fsym_mkdir_desc
                0x00000000100244a8                __fsym_mkfs_name
                0x00000000100244b0                __fsym_mkfs_desc
                0x00000000100244d0                __fsym_mount_name
                0x00000000100244d8                __fsym_mount_desc
                0x0000000010024500                __fsym_umount_name
                0x0000000010024508                __fsym_umount_desc
                0x0000000010024528                __fsym_df_name
                0x0000000010024530                __fsym_df_desc
                0x0000000010024540                __fsym_echo_name
                0x0000000010024548                __fsym_echo_desc
                0x0000000010024560                __fsym_tail_name
                0x0000000010024568                __fsym_tail_desc
 .rodata.name   0x0000000010024598      0x20c build\kernel\components\finsh\cmd.o
                0x0000000010024598                __fsym_hello_name
                0x00000000100245a0                __fsym_hello_desc
                0x00000000100245b0                __fsym_clear_name
                0x00000000100245b8                __fsym_clear_desc
                0x00000000100245d8                __fsym_version_name
                0x00000000100245e0                __fsym_version_desc
                0x0000000010024608                __fsym_list_thread_name
                0x0000000010024618                __fsym_list_thread_desc
                0x0000000010024628                __fsym_list_sem_name
                0x0000000010024638                __fsym_list_sem_desc
                0x0000000010024658                __fsym_list_event_name
                0x0000000010024668                __fsym_list_event_desc
                0x0000000010024680                __fsym_list_mutex_name
                0x0000000010024690                __fsym_list_mutex_desc
                0x00000000100246a8                __fsym_list_mailbox_name
                0x00000000100246b8                __fsym_list_mailbox_desc
                0x00000000100246d0                __fsym_list_msgqueue_name
                0x00000000100246e0                __fsym_list_msgqueue_desc
                0x0000000010024700                __fsym_list_mempool_name
                0x0000000010024710                __fsym_list_mempool_desc
                0x0000000010024730                __fsym_list_timer_name
                0x0000000010024740                __fsym_list_timer_desc
                0x0000000010024758                __fsym_list_device_name
                0x0000000010024768                __fsym_list_device_desc
                0x0000000010024780                __fsym_list_name
                0x0000000010024788                __fsym_list_desc
 *fill*         0x00000000100247a4        0x4 
 .rodata._global_impure_ptr
                0x00000000100247a8        0x8 e:/firefly3399/env_released_1.2.0/env/tools/gnu_gcc/aarch64_gcc/mingw/bin/../lib/gcc/aarch64-none-elf/10.2.1\libc.a(lib_a-impure.o)
                0x00000000100247a8                _global_impure_ptr
 .rodata._ctype_
                0x00000000100247b0      0x101 e:/firefly3399/env_released_1.2.0/env/tools/gnu_gcc/aarch64_gcc/mingw/bin/../lib/gcc/aarch64-none-elf/10.2.1\libc.a(lib_a-ctype_.o)
                0x00000000100247b0                _ctype_
 *(.glue_7)
 *(.glue_7t)
 *(.gnu.linkonce.t*)
 *(COMMON)
                0x00000000100248c0                . = ALIGN (0x10)
 *fill*         0x00000000100248b1        0xf 
                0x00000000100248c0                __fsymtab_start = .
 *(FSymTab)
 FSymTab        0x00000000100248c0       0x18 build\cpu\gicv3.o
                0x00000000100248c0                __fsym_gic_dump
 FSymTab        0x00000000100248d8       0x18 build\driver\board.o
                0x00000000100248d8                __fsym_rk_show
 FSymTab        0x00000000100248f0       0x18 build\kernel\components\dfs\src\dfs.o
                0x00000000100248f0                __fsym_list_fd
 FSymTab        0x0000000010024908       0x48 build\kernel\components\finsh\msh.o
                0x0000000010024908                __fsym_help
                0x0000000010024920                __fsym_ps
                0x0000000010024938                __fsym_free
 FSymTab        0x0000000010024950      0x150 build\kernel\components\finsh\msh_file.o
                0x0000000010024950                __fsym_ls
                0x0000000010024968                __fsym_cp
                0x0000000010024980                __fsym_mv
                0x0000000010024998                __fsym_cat
                0x00000000100249b0                __fsym_rm
                0x00000000100249c8                __fsym_cd
                0x00000000100249e0                __fsym_pwd
                0x00000000100249f8                __fsym_mkdir
                0x0000000010024a10                __fsym_mkfs
                0x0000000010024a28                __fsym_mount
                0x0000000010024a40                __fsym_umount
                0x0000000010024a58                __fsym_df
                0x0000000010024a70                __fsym_echo
                0x0000000010024a88                __fsym_tail
 FSymTab        0x0000000010024aa0      0x138 build\kernel\components\finsh\cmd.o
                0x0000000010024aa0                __fsym_hello
                0x0000000010024ab8                __fsym_clear
                0x0000000010024ad0                __fsym_version
                0x0000000010024ae8                __fsym_list_thread
                0x0000000010024b00                __fsym_list_sem
                0x0000000010024b18                __fsym_list_event
                0x0000000010024b30                __fsym_list_mutex
                0x0000000010024b48                __fsym_list_mailbox
                0x0000000010024b60                __fsym_list_msgqueue
                0x0000000010024b78                __fsym_list_mempool
                0x0000000010024b90                __fsym_list_timer
                0x0000000010024ba8                __fsym_list_device
                0x0000000010024bc0                __fsym_list
                0x0000000010024bd8                __fsymtab_end = .
                0x0000000010024be0                . = ALIGN (0x10)
 *fill*         0x0000000010024bd8        0x8 
                0x0000000010024be0                __vsymtab_start = .
 *(VSymTab)
                0x0000000010024be0                __vsymtab_end = .
                0x0000000010024be0                . = ALIGN (0x10)
                0x0000000010024be0                . = ALIGN (0x10)
                0x0000000010024be0                __rt_init_start = .
 *(SORT_BY_NAME(.rti_fn*))
 .rti_fn.0      0x0000000010024be0        0x8 build\kernel\src\components.o
                0x0000000010024be0                __rt_init_rti_start
 .rti_fn.0.end  0x0000000010024be8        0x8 build\kernel\src\components.o
                0x0000000010024be8                __rt_init_rti_board_start
 .rti_fn.1.end  0x0000000010024bf0        0x8 build\kernel\src\components.o
                0x0000000010024bf0                __rt_init_rti_board_end
 .rti_fn.2      0x0000000010024bf8        0x8 build\kernel\components\dfs\src\dfs.o
                0x0000000010024bf8                __rt_init_dfs_init
 .rti_fn.6      0x0000000010024c00        0x8 build\kernel\components\finsh\shell.o
                0x0000000010024c00                __rt_init_finsh_system_init
 .rti_fn.6.end  0x0000000010024c08        0x8 build\kernel\src\components.o
                0x0000000010024c08                __rt_init_rti_end
                0x0000000010024c10                __rt_init_end = .
                0x0000000010024c10                . = ALIGN (0x10)
                0x0000000010024c10                . = ALIGN (0x10)
                0x0000000010024c10                _etext = .

.iplt           0x0000000010024c10        0x0
 .iplt          0x0000000010024c10        0x0 build\applications\main.o

.eh_frame_hdr
 *(.eh_frame_hdr)
 *(.eh_frame_entry)

.eh_frame       0x0000000010024c10       0x28
 *(.eh_frame)
 .eh_frame      0x0000000010024c10       0x28 build\cpu\entry_point.o

.rela.dyn       0x0000000010024c38        0x0
 .rela.iplt     0x0000000010024c38        0x0 build\applications\main.o
 .rela.text.entrypoint
                0x0000000010024c38        0x0 build\applications\main.o
 .rela.text     0x0000000010024c38        0x0 build\applications\main.o
 .rela.rodata   0x0000000010024c38        0x0 build\applications\main.o
                0x0000000010024c40                . = ALIGN (0x10)

.data           0x0000000010024c40      0x9a0
 *(.data)
 .data          0x0000000010024c40        0x4 build\cpu\mmu.o
                0x0000000010024c40                free_idx
 *fill*         0x0000000010024c44        0x4 
 .data          0x0000000010024c48       0x10 build\driver\drv_uart.o
 .data          0x0000000010024c58      0x120 build\kernel\src\object.o
 .data          0x0000000010024d78        0x1 build\kernel\src\timer.o
 *fill*         0x0000000010024d79        0x7 
 .data          0x0000000010024d80       0x10 build\kernel\src\idle.o
 .data          0x0000000010024d90      0x100 build\kernel\components\dfs\src\dfs.o
                0x0000000010024d90                working_directory
 *(.data.*)
 .data._impure_ptr
                0x0000000010024e90        0x8 e:/firefly3399/env_released_1.2.0/env/tools/gnu_gcc/aarch64_gcc/mingw/bin/../lib/gcc/aarch64-none-elf/10.2.1\libc.a(lib_a-impure.o)
                0x0000000010024e90                _impure_ptr
 .data.impure_data
                0x0000000010024e98      0x748 e:/firefly3399/env_released_1.2.0/env/tools/gnu_gcc/aarch64_gcc/mingw/bin/../lib/gcc/aarch64-none-elf/10.2.1\libc.a(lib_a-impure.o)
 *(.data1)
 *(.data1.*)
                0x00000000100255e0                . = ALIGN (0x10)
                0x00000000100255e0                _gp = ABSOLUTE (.)
 *(.sdata)
 *(.sdata.*)

.igot.plt       0x00000000100255e0        0x0
 .igot.plt      0x00000000100255e0        0x0 build\applications\main.o
                0x00000000100255e0                . = ALIGN (0x10)

.ctors          0x00000000100255e0        0x0
                [!provide]                        PROVIDE (__ctors_start__ = .)
 *(SORT_BY_NAME(.ctors.*))
 *(.ctors)
                [!provide]                        PROVIDE (__ctors_end__ = .)

.dtors          0x00000000100255e0        0x0
                [!provide]                        PROVIDE (__dtors_start__ = .)
 *(SORT_BY_NAME(.dtors.*))
 *(.dtors)
                [!provide]                        PROVIDE (__dtors_end__ = .)
                0x00000000100255e0                . = ALIGN (0x10)

.bss            0x0000000010026000    0x1cb70
                0x0000000010026000                PROVIDE (__bss_start = .)
 *(.bss)
 .bss           0x0000000010026000        0x8 build\applications\main.o
 *fill*         0x0000000010026008      0xff8 
 .bss           0x0000000010027000    0x14008 build\cpu\mmu.o
 .bss           0x000000001003b008       0x18 build\cpu\secondary_cpu.o
                0x000000001003b008                cpu_on
 .bss           0x000000001003b020     0x2018 build\cpu\interrupt.o
                0x000000001003b020                isr_table
                0x000000001003d020                rt_interrupt_from_thread
                0x000000001003d028                rt_interrupt_to_thread
                0x000000001003d030                rt_thread_switch_interrupt_flag
 .bss           0x000000001003d038       0x3c build\cpu\gicv3.o
 *fill*         0x000000001003d074        0x4 
 .bss           0x000000001003d078       0xb8 build\driver\drv_uart.o
 .bss           0x000000001003d130      0xc98 build\kernel\src\cpu.o
                0x000000001003d130                _cpus_lock
 .bss           0x000000001003ddc8       0x28 build\kernel\src\object.o
                0x000000001003ddc8                rt_object_trytake_hook
                0x000000001003ddd0                rt_object_take_hook
                0x000000001003ddd8                rt_object_put_hook
 .bss           0x000000001003ddf0      0x914 build\kernel\src\timer.o
 *fill*         0x000000001003e704        0x4 
 .bss           0x000000001003e708      0x218 build\kernel\src\scheduler.o
                0x000000001003e708                rt_thread_priority_table
                0x000000001003e908                rt_thread_ready_priority_group
 .bss           0x000000001003e920       0x78 build\kernel\src\mem.o
 .bss           0x000000001003e998       0x10 build\kernel\src\irq.o
 .bss           0x000000001003e9a8       0x98 build\kernel\src\kservice.o
                0x000000001003e9a8                rt_assert_hook
 .bss           0x000000001003ea40     0x3e78 build\kernel\src\idle.o
 .bss           0x00000000100428b8       0x18 build\kernel\src\thread.o
 .bss           0x00000000100428d0       0xa4 build\kernel\components\dfs\src\dfs.o
                0x00000000100428d0                filesystem_operation_table
                0x00000000100428e0                filesystem_table
 *fill*         0x0000000010042974        0x4 
 .bss           0x0000000010042978      0x14c build\kernel\components\dfs\src\dfs_file.o
 .bss           0x0000000010042ac4        0x4 build\kernel\components\drivers\serial\serial.o
 .bss           0x0000000010042ac8       0xa1 build\kernel\components\finsh\shell.o
                0x0000000010042ac8                _syscall_table_begin
                0x0000000010042ad0                _syscall_table_end
                0x0000000010042ad8                shell
 *(.bss.*)
 *(.dynbss)
                0x0000000010042b70                . = ALIGN (0x10)
 *fill*         0x0000000010042b69        0x7 
                0x0000000010042b70                PROVIDE (__bss_end = .)
                0x0000000010042b70                _end = .

.stab
 *(.stab)

.stabstr
 *(.stabstr)

.stab.excl
 *(.stab.excl)

.stab.exclstr
 *(.stab.exclstr)

.stab.index
 *(.stab.index)

.stab.indexstr
 *(.stab.indexstr)

.comment        0x0000000000000000       0x5d
 *(.comment)
 .comment       0x0000000000000000       0x5d build\applications\main.o
                                         0x5e (size before relaxing)
 .comment       0x000000000000005d       0x5e build\cpu\mmu.o
 .comment       0x000000000000005d       0x5e build\cpu\secondary_cpu.o
 .comment       0x000000000000005d       0x5e build\cpu\cpu.o
 .comment       0x000000000000005d       0x5e build\cpu\trap.o
 .comment       0x000000000000005d       0x5e build\cpu\stack.o
 .comment       0x000000000000005d       0x5e build\cpu\interrupt.o
 .comment       0x000000000000005d       0x5e build\cpu\gicv3.o
 .comment       0x000000000000005d       0x5e build\driver\board.o
 .comment       0x000000000000005d       0x5e build\driver\drv_uart.o
 .comment       0x000000000000005d       0x5e build\driver\drv_led.o
 .comment       0x000000000000005d       0x5e build\kernel\src\cpu.o
 .comment       0x000000000000005d       0x5e build\kernel\src\clock.o
 .comment       0x000000000000005d       0x5e build\kernel\src\object.o
 .comment       0x000000000000005d       0x5e build\kernel\src\timer.o
 .comment       0x000000000000005d       0x5e build\kernel\src\device.o
 .comment       0x000000000000005d       0x5e build\kernel\src\scheduler.o
 .comment       0x000000000000005d       0x5e build\kernel\src\ipc.o
 .comment       0x000000000000005d       0x5e build\kernel\src\mem.o
 .comment       0x000000000000005d       0x5e build\kernel\src\components.o
 .comment       0x000000000000005d       0x5e build\kernel\src\irq.o
 .comment       0x000000000000005d       0x5e build\kernel\src\kservice.o
 .comment       0x000000000000005d       0x5e build\kernel\src\idle.o
 .comment       0x000000000000005d       0x5e build\kernel\src\thread.o
 .comment       0x000000000000005d       0x5e build\kernel\components\dfs\src\dfs_fs.o
 .comment       0x000000000000005d       0x5e build\kernel\components\dfs\src\dfs.o
 .comment       0x000000000000005d       0x5e build\kernel\components\dfs\src\dfs_file.o
 .comment       0x000000000000005d       0x5e build\kernel\components\dfs\filesystems\devfs\devfs.o
 .comment       0x000000000000005d       0x5e build\kernel\components\drivers\serial\serial.o
 .comment       0x000000000000005d       0x5e build\kernel\components\drivers\src\completion.o
 .comment       0x000000000000005d       0x5e build\kernel\components\drivers\src\waitqueue.o
 .comment       0x000000000000005d       0x5e build\kernel\components\drivers\src\dataqueue.o
 .comment       0x000000000000005d       0x5e build\kernel\components\finsh\shell.o
 .comment       0x000000000000005d       0x5e build\kernel\components\finsh\msh.o
 .comment       0x000000000000005d       0x5e build\kernel\components\finsh\msh_file.o
 .comment       0x000000000000005d       0x5e build\kernel\components\finsh\cmd.o
 .comment       0x000000000000005d       0x5e build\kernel\components\libc\compilers\common\stdlib.o
 .comment       0x000000000000005d       0x5e build\kernel\components\libc\compilers\gcc\newlib\syscalls.o
 .comment       0x000000000000005d       0x5e build\kernel\components\libc\posix\src\unistd.o
 .comment       0x000000000000005d       0x5e e:/firefly3399/env_released_1.2.0/env/tools/gnu_gcc/aarch64_gcc/mingw/bin/../lib/gcc/aarch64-none-elf/10.2.1\libc.a(lib_a-atoi.o)
 .comment       0x000000000000005d       0x5e e:/firefly3399/env_released_1.2.0/env/tools/gnu_gcc/aarch64_gcc/mingw/bin/../lib/gcc/aarch64-none-elf/10.2.1\libc.a(lib_a-getchar.o)
 .comment       0x000000000000005d       0x5e e:/firefly3399/env_released_1.2.0/env/tools/gnu_gcc/aarch64_gcc/mingw/bin/../lib/gcc/aarch64-none-elf/10.2.1\libc.a(lib_a-getc.o)
 .comment       0x000000000000005d       0x5e e:/firefly3399/env_released_1.2.0/env/tools/gnu_gcc/aarch64_gcc/mingw/bin/../lib/gcc/aarch64-none-elf/10.2.1\libc.a(lib_a-impure.o)
 .comment       0x000000000000005d       0x5e e:/firefly3399/env_released_1.2.0/env/tools/gnu_gcc/aarch64_gcc/mingw/bin/../lib/gcc/aarch64-none-elf/10.2.1\libc.a(lib_a-rget.o)
 .comment       0x000000000000005d       0x5e e:/firefly3399/env_released_1.2.0/env/tools/gnu_gcc/aarch64_gcc/mingw/bin/../lib/gcc/aarch64-none-elf/10.2.1\libc.a(lib_a-strncpy.o)
 .comment       0x000000000000005d       0x5e e:/firefly3399/env_released_1.2.0/env/tools/gnu_gcc/aarch64_gcc/mingw/bin/../lib/gcc/aarch64-none-elf/10.2.1\libc.a(lib_a-strstr.o)
 .comment       0x000000000000005d       0x5e e:/firefly3399/env_released_1.2.0/env/tools/gnu_gcc/aarch64_gcc/mingw/bin/../lib/gcc/aarch64-none-elf/10.2.1\libc.a(lib_a-strtol.o)
 .comment       0x000000000000005d       0x5e e:/firefly3399/env_released_1.2.0/env/tools/gnu_gcc/aarch64_gcc/mingw/bin/../lib/gcc/aarch64-none-elf/10.2.1\libc.a(lib_a-ctype_.o)
 .comment       0x000000000000005d       0x5e e:/firefly3399/env_released_1.2.0/env/tools/gnu_gcc/aarch64_gcc/mingw/bin/../lib/gcc/aarch64-none-elf/10.2.1\libc.a(lib_a-findfp.o)
 .comment       0x000000000000005d       0x5e e:/firefly3399/env_released_1.2.0/env/tools/gnu_gcc/aarch64_gcc/mingw/bin/../lib/gcc/aarch64-none-elf/10.2.1\libc.a(lib_a-fwalk.o)
 .comment       0x000000000000005d       0x5e e:/firefly3399/env_released_1.2.0/env/tools/gnu_gcc/aarch64_gcc/mingw/bin/../lib/gcc/aarch64-none-elf/10.2.1\libc.a(lib_a-refill.o)
 .comment       0x000000000000005d       0x5e e:/firefly3399/env_released_1.2.0/env/tools/gnu_gcc/aarch64_gcc/mingw/bin/../lib/gcc/aarch64-none-elf/10.2.1\libc.a(lib_a-stdio.o)
 .comment       0x000000000000005d       0x5e e:/firefly3399/env_released_1.2.0/env/tools/gnu_gcc/aarch64_gcc/mingw/bin/../lib/gcc/aarch64-none-elf/10.2.1\libc.a(lib_a-fclose.o)
 .comment       0x000000000000005d       0x5e e:/firefly3399/env_released_1.2.0/env/tools/gnu_gcc/aarch64_gcc/mingw/bin/../lib/gcc/aarch64-none-elf/10.2.1\libc.a(lib_a-fflush.o)
 .comment       0x000000000000005d       0x5e e:/firefly3399/env_released_1.2.0/env/tools/gnu_gcc/aarch64_gcc/mingw/bin/../lib/gcc/aarch64-none-elf/10.2.1\libc.a(lib_a-makebuf.o)

.debug
 *(.debug)

.line
 *(.line)

.debug_srcinfo
 *(.debug_srcinfo)

.debug_sfnames
 *(.debug_sfnames)

.debug_aranges  0x0000000000000000      0xed0
 *(.debug_aranges)
 .debug_aranges
                0x0000000000000000       0x30 build\applications\main.o
 .debug_aranges
                0x0000000000000030       0x30 build\cpu\mmu.o
 .debug_aranges
                0x0000000000000060       0x30 build\cpu\secondary_cpu.o
 .debug_aranges
                0x0000000000000090       0x30 build\cpu\cpu.o
 .debug_aranges
                0x00000000000000c0       0x30 build\cpu\entry_point.o
 .debug_aranges
                0x00000000000000f0       0x30 build\cpu\trap.o
 .debug_aranges
                0x0000000000000120       0x30 build\cpu\context_gcc.o
 .debug_aranges
                0x0000000000000150       0x30 build\cpu\stack.o
 .debug_aranges
                0x0000000000000180       0x30 build\cpu\vector_gcc.o
 .debug_aranges
                0x00000000000001b0       0x30 build\cpu\interrupt.o
 .debug_aranges
                0x00000000000001e0       0x30 build\cpu\cpu_gcc.o
 .debug_aranges
                0x0000000000000210       0x30 build\cpu\cache.o
 .debug_aranges
                0x0000000000000240       0x30 build\cpu\gicv3.o
 .debug_aranges
                0x0000000000000270       0x30 build\driver\board.o
 .debug_aranges
                0x00000000000002a0       0x30 build\driver\drv_uart.o
 .debug_aranges
                0x00000000000002d0       0x30 build\driver\drv_led.o
 .debug_aranges
                0x0000000000000300       0x30 build\kernel\src\cpu.o
 .debug_aranges
                0x0000000000000330       0x30 build\kernel\src\clock.o
 .debug_aranges
                0x0000000000000360       0x30 build\kernel\src\object.o
 .debug_aranges
                0x0000000000000390       0x30 build\kernel\src\timer.o
 .debug_aranges
                0x00000000000003c0       0x30 build\kernel\src\device.o
 .debug_aranges
                0x00000000000003f0       0x30 build\kernel\src\scheduler.o
 .debug_aranges
                0x0000000000000420       0x30 build\kernel\src\ipc.o
 .debug_aranges
                0x0000000000000450       0x30 build\kernel\src\mem.o
 .debug_aranges
                0x0000000000000480       0x30 build\kernel\src\components.o
 .debug_aranges
                0x00000000000004b0       0x30 build\kernel\src\irq.o
 .debug_aranges
                0x00000000000004e0       0x30 build\kernel\src\kservice.o
 .debug_aranges
                0x0000000000000510       0x30 build\kernel\src\idle.o
 .debug_aranges
                0x0000000000000540       0x30 build\kernel\src\thread.o
 .debug_aranges
                0x0000000000000570       0x30 build\kernel\components\dfs\src\dfs_fs.o
 .debug_aranges
                0x00000000000005a0       0x30 build\kernel\components\dfs\src\dfs.o
 .debug_aranges
                0x00000000000005d0       0x30 build\kernel\components\dfs\src\dfs_file.o
 .debug_aranges
                0x0000000000000600       0x30 build\kernel\components\dfs\filesystems\devfs\devfs.o
 .debug_aranges
                0x0000000000000630       0x30 build\kernel\components\drivers\serial\serial.o
 .debug_aranges
                0x0000000000000660       0x30 build\kernel\components\drivers\src\completion.o
 .debug_aranges
                0x0000000000000690       0x30 build\kernel\components\drivers\src\waitqueue.o
 .debug_aranges
                0x00000000000006c0       0x30 build\kernel\components\drivers\src\dataqueue.o
 .debug_aranges
                0x00000000000006f0       0x30 build\kernel\components\finsh\shell.o
 .debug_aranges
                0x0000000000000720       0x30 build\kernel\components\finsh\msh.o
 .debug_aranges
                0x0000000000000750       0x30 build\kernel\components\finsh\msh_file.o
 .debug_aranges
                0x0000000000000780       0x30 build\kernel\components\finsh\cmd.o
 .debug_aranges
                0x00000000000007b0       0x30 build\kernel\components\libc\compilers\common\stdlib.o
 .debug_aranges
                0x00000000000007e0       0x30 build\kernel\components\libc\compilers\gcc\newlib\syscalls.o
 .debug_aranges
                0x0000000000000810       0x30 build\kernel\components\libc\posix\src\unistd.o
 .debug_aranges
                0x0000000000000840       0x40 e:/firefly3399/env_released_1.2.0/env/tools/gnu_gcc/aarch64_gcc/mingw/bin/../lib/gcc/aarch64-none-elf/10.2.1\libc.a(lib_a-atoi.o)
 .debug_aranges
                0x0000000000000880       0x40 e:/firefly3399/env_released_1.2.0/env/tools/gnu_gcc/aarch64_gcc/mingw/bin/../lib/gcc/aarch64-none-elf/10.2.1\libc.a(lib_a-getchar.o)
 .debug_aranges
                0x00000000000008c0       0x40 e:/firefly3399/env_released_1.2.0/env/tools/gnu_gcc/aarch64_gcc/mingw/bin/../lib/gcc/aarch64-none-elf/10.2.1\libc.a(lib_a-getc.o)
 .debug_aranges
                0x0000000000000900       0x20 e:/firefly3399/env_released_1.2.0/env/tools/gnu_gcc/aarch64_gcc/mingw/bin/../lib/gcc/aarch64-none-elf/10.2.1\libc.a(lib_a-impure.o)
 .debug_aranges
                0x0000000000000920       0x30 e:/firefly3399/env_released_1.2.0/env/tools/gnu_gcc/aarch64_gcc/mingw/bin/../lib/gcc/aarch64-none-elf/10.2.1\libc.a(lib_a-memcmp.o)
 .debug_aranges
                0x0000000000000950       0x30 e:/firefly3399/env_released_1.2.0/env/tools/gnu_gcc/aarch64_gcc/mingw/bin/../lib/gcc/aarch64-none-elf/10.2.1\libc.a(lib_a-memcpy.o)
 .debug_aranges
                0x0000000000000980       0x30 e:/firefly3399/env_released_1.2.0/env/tools/gnu_gcc/aarch64_gcc/mingw/bin/../lib/gcc/aarch64-none-elf/10.2.1\libc.a(lib_a-memset.o)
 .debug_aranges
                0x00000000000009b0       0x40 e:/firefly3399/env_released_1.2.0/env/tools/gnu_gcc/aarch64_gcc/mingw/bin/../lib/gcc/aarch64-none-elf/10.2.1\libc.a(lib_a-rget.o)
 .debug_aranges
                0x00000000000009f0       0x30 e:/firefly3399/env_released_1.2.0/env/tools/gnu_gcc/aarch64_gcc/mingw/bin/../lib/gcc/aarch64-none-elf/10.2.1\libc.a(lib_a-strcmp.o)
 .debug_aranges
                0x0000000000000a20       0x30 e:/firefly3399/env_released_1.2.0/env/tools/gnu_gcc/aarch64_gcc/mingw/bin/../lib/gcc/aarch64-none-elf/10.2.1\libc.a(lib_a-strcpy.o)
 .debug_aranges
                0x0000000000000a50       0x30 e:/firefly3399/env_released_1.2.0/env/tools/gnu_gcc/aarch64_gcc/mingw/bin/../lib/gcc/aarch64-none-elf/10.2.1\libc.a(lib_a-strlen.o)
 .debug_aranges
                0x0000000000000a80       0x30 e:/firefly3399/env_released_1.2.0/env/tools/gnu_gcc/aarch64_gcc/mingw/bin/../lib/gcc/aarch64-none-elf/10.2.1\libc.a(lib_a-strncmp.o)
 .debug_aranges
                0x0000000000000ab0       0x30 e:/firefly3399/env_released_1.2.0/env/tools/gnu_gcc/aarch64_gcc/mingw/bin/../lib/gcc/aarch64-none-elf/10.2.1\libc.a(lib_a-strncpy.o)
 .debug_aranges
                0x0000000000000ae0       0x30 e:/firefly3399/env_released_1.2.0/env/tools/gnu_gcc/aarch64_gcc/mingw/bin/../lib/gcc/aarch64-none-elf/10.2.1\libc.a(lib_a-strrchr.o)
 .debug_aranges
                0x0000000000000b10       0x40 e:/firefly3399/env_released_1.2.0/env/tools/gnu_gcc/aarch64_gcc/mingw/bin/../lib/gcc/aarch64-none-elf/10.2.1\libc.a(lib_a-strstr.o)
 .debug_aranges
                0x0000000000000b50       0x60 e:/firefly3399/env_released_1.2.0/env/tools/gnu_gcc/aarch64_gcc/mingw/bin/../lib/gcc/aarch64-none-elf/10.2.1\libc.a(lib_a-strtol.o)
 .debug_aranges
                0x0000000000000bb0       0x30 e:/firefly3399/env_released_1.2.0/env/tools/gnu_gcc/aarch64_gcc/mingw/bin/../lib/gcc/aarch64-none-elf/10.2.1\libc.a(lib_a-ctype_.o)
 .debug_aranges
                0x0000000000000be0       0xc0 e:/firefly3399/env_released_1.2.0/env/tools/gnu_gcc/aarch64_gcc/mingw/bin/../lib/gcc/aarch64-none-elf/10.2.1\libc.a(lib_a-findfp.o)
 .debug_aranges
                0x0000000000000ca0       0x40 e:/firefly3399/env_released_1.2.0/env/tools/gnu_gcc/aarch64_gcc/mingw/bin/../lib/gcc/aarch64-none-elf/10.2.1\libc.a(lib_a-fwalk.o)
 .debug_aranges
                0x0000000000000ce0       0x40 e:/firefly3399/env_released_1.2.0/env/tools/gnu_gcc/aarch64_gcc/mingw/bin/../lib/gcc/aarch64-none-elf/10.2.1\libc.a(lib_a-refill.o)
 .debug_aranges
                0x0000000000000d20       0x70 e:/firefly3399/env_released_1.2.0/env/tools/gnu_gcc/aarch64_gcc/mingw/bin/../lib/gcc/aarch64-none-elf/10.2.1\libc.a(lib_a-stdio.o)
 .debug_aranges
                0x0000000000000d90       0x30 e:/firefly3399/env_released_1.2.0/env/tools/gnu_gcc/aarch64_gcc/mingw/bin/../lib/gcc/aarch64-none-elf/10.2.1\libc.a(lib_a-strchr.o)
 .debug_aranges
                0x0000000000000dc0       0x30 e:/firefly3399/env_released_1.2.0/env/tools/gnu_gcc/aarch64_gcc/mingw/bin/../lib/gcc/aarch64-none-elf/10.2.1\libc.a(lib_a-strnlen.o)
 .debug_aranges
                0x0000000000000df0       0x50 e:/firefly3399/env_released_1.2.0/env/tools/gnu_gcc/aarch64_gcc/mingw/bin/../lib/gcc/aarch64-none-elf/10.2.1\libc.a(lib_a-fclose.o)
 .debug_aranges
                0x0000000000000e40       0x50 e:/firefly3399/env_released_1.2.0/env/tools/gnu_gcc/aarch64_gcc/mingw/bin/../lib/gcc/aarch64-none-elf/10.2.1\libc.a(lib_a-fflush.o)
 .debug_aranges
                0x0000000000000e90       0x40 e:/firefly3399/env_released_1.2.0/env/tools/gnu_gcc/aarch64_gcc/mingw/bin/../lib/gcc/aarch64-none-elf/10.2.1\libc.a(lib_a-makebuf.o)

.debug_pubnames
 *(.debug_pubnames)

.debug_info     0x0000000000000000    0x29740
 *(.debug_info .gnu.linkonce.wi.*)
 .debug_info    0x0000000000000000      0x590 build\applications\main.o
 .debug_info    0x0000000000000590      0x7bc build\cpu\mmu.o
 .debug_info    0x0000000000000d4c      0x241 build\cpu\secondary_cpu.o
 .debug_info    0x0000000000000f8d      0x29f build\cpu\cpu.o
 .debug_info    0x000000000000122c       0x2e build\cpu\entry_point.o
 .debug_info    0x000000000000125a      0x407 build\cpu\trap.o
 .debug_info    0x0000000000001661       0x2e build\cpu\context_gcc.o
 .debug_info    0x000000000000168f      0x118 build\cpu\stack.o
 .debug_info    0x00000000000017a7       0x2e build\cpu\vector_gcc.o
 .debug_info    0x00000000000017d5      0x669 build\cpu\interrupt.o
 .debug_info    0x0000000000001e3e       0x2e build\cpu\cpu_gcc.o
 .debug_info    0x0000000000001e6c       0x2e build\cpu\cache.o
 .debug_info    0x0000000000001e9a     0x1284 build\cpu\gicv3.o
 .debug_info    0x000000000000311e      0x2f4 build\driver\board.o
 .debug_info    0x0000000000003412      0xa4d build\driver\drv_uart.o
 .debug_info    0x0000000000003e5f      0x115 build\driver\drv_led.o
 .debug_info    0x0000000000003f74      0x80b build\kernel\src\cpu.o
 .debug_info    0x000000000000477f      0x4ea build\kernel\src\clock.o
 .debug_info    0x0000000000004c69      0x998 build\kernel\src\object.o
 .debug_info    0x0000000000005601      0xd5a build\kernel\src\timer.o
 .debug_info    0x000000000000635b      0xa93 build\kernel\src\device.o
 .debug_info    0x0000000000006dee      0xbc8 build\kernel\src\scheduler.o
 .debug_info    0x00000000000079b6     0x2033 build\kernel\src\ipc.o
 .debug_info    0x00000000000099e9      0x7ba build\kernel\src\mem.o
 .debug_info    0x000000000000a1a3      0x69b build\kernel\src\components.o
 .debug_info    0x000000000000a83e      0x1c7 build\kernel\src\irq.o
 .debug_info    0x000000000000aa05     0x158e build\kernel\src\kservice.o
 .debug_info    0x000000000000bf93      0x8e1 build\kernel\src\idle.o
 .debug_info    0x000000000000c874      0xe4c build\kernel\src\thread.o
 .debug_info    0x000000000000d6c0     0x121c build\kernel\components\dfs\src\dfs_fs.o
 .debug_info    0x000000000000e8dc     0x15ff build\kernel\components\dfs\src\dfs.o
 .debug_info    0x000000000000fedb     0x142f build\kernel\components\dfs\src\dfs_file.o
 .debug_info    0x000000000001130a     0x11ec build\kernel\components\dfs\filesystems\devfs\devfs.o
 .debug_info    0x00000000000124f6     0x2101 build\kernel\components\drivers\serial\serial.o
 .debug_info    0x00000000000145f7      0x667 build\kernel\components\drivers\src\completion.o
 .debug_info    0x0000000000014c5e      0x7ee build\kernel\components\drivers\src\waitqueue.o
 .debug_info    0x000000000001544c      0x9fd build\kernel\components\drivers\src\dataqueue.o
 .debug_info    0x0000000000015e49     0x162a build\kernel\components\finsh\shell.o
 .debug_info    0x0000000000017473      0x8b5 build\kernel\components\finsh\msh.o
 .debug_info    0x0000000000017d28     0x19fb build\kernel\components\finsh\msh_file.o
 .debug_info    0x0000000000019723     0x1bec build\kernel\components\finsh\cmd.o
 .debug_info    0x000000000001b30f      0x41a build\kernel\components\libc\compilers\common\stdlib.o
 .debug_info    0x000000000001b729     0x18c1 build\kernel\components\libc\compilers\gcc\newlib\syscalls.o
 .debug_info    0x000000000001cfea     0x1663 build\kernel\components\libc\posix\src\unistd.o
 .debug_info    0x000000000001e64d      0x9ce e:/firefly3399/env_released_1.2.0/env/tools/gnu_gcc/aarch64_gcc/mingw/bin/../lib/gcc/aarch64-none-elf/10.2.1\libc.a(lib_a-atoi.o)
 .debug_info    0x000000000001f01b      0x99e e:/firefly3399/env_released_1.2.0/env/tools/gnu_gcc/aarch64_gcc/mingw/bin/../lib/gcc/aarch64-none-elf/10.2.1\libc.a(lib_a-getchar.o)
 .debug_info    0x000000000001f9b9      0xa76 e:/firefly3399/env_released_1.2.0/env/tools/gnu_gcc/aarch64_gcc/mingw/bin/../lib/gcc/aarch64-none-elf/10.2.1\libc.a(lib_a-getc.o)
 .debug_info    0x000000000002042f      0x93a e:/firefly3399/env_released_1.2.0/env/tools/gnu_gcc/aarch64_gcc/mingw/bin/../lib/gcc/aarch64-none-elf/10.2.1\libc.a(lib_a-impure.o)
 .debug_info    0x0000000000020d69       0x2e e:/firefly3399/env_released_1.2.0/env/tools/gnu_gcc/aarch64_gcc/mingw/bin/../lib/gcc/aarch64-none-elf/10.2.1\libc.a(lib_a-memcmp.o)
 .debug_info    0x0000000000020d97       0x2e e:/firefly3399/env_released_1.2.0/env/tools/gnu_gcc/aarch64_gcc/mingw/bin/../lib/gcc/aarch64-none-elf/10.2.1\libc.a(lib_a-memcpy.o)
 .debug_info    0x0000000000020dc5       0x2e e:/firefly3399/env_released_1.2.0/env/tools/gnu_gcc/aarch64_gcc/mingw/bin/../lib/gcc/aarch64-none-elf/10.2.1\libc.a(lib_a-memset.o)
 .debug_info    0x0000000000020df3      0xa84 e:/firefly3399/env_released_1.2.0/env/tools/gnu_gcc/aarch64_gcc/mingw/bin/../lib/gcc/aarch64-none-elf/10.2.1\libc.a(lib_a-rget.o)
 .debug_info    0x0000000000021877       0x2e e:/firefly3399/env_released_1.2.0/env/tools/gnu_gcc/aarch64_gcc/mingw/bin/../lib/gcc/aarch64-none-elf/10.2.1\libc.a(lib_a-strcmp.o)
 .debug_info    0x00000000000218a5       0x2e e:/firefly3399/env_released_1.2.0/env/tools/gnu_gcc/aarch64_gcc/mingw/bin/../lib/gcc/aarch64-none-elf/10.2.1\libc.a(lib_a-strcpy.o)
 .debug_info    0x00000000000218d3       0x2e e:/firefly3399/env_released_1.2.0/env/tools/gnu_gcc/aarch64_gcc/mingw/bin/../lib/gcc/aarch64-none-elf/10.2.1\libc.a(lib_a-strlen.o)
 .debug_info    0x0000000000021901       0x2e e:/firefly3399/env_released_1.2.0/env/tools/gnu_gcc/aarch64_gcc/mingw/bin/../lib/gcc/aarch64-none-elf/10.2.1\libc.a(lib_a-strncmp.o)
 .debug_info    0x000000000002192f      0x15f e:/firefly3399/env_released_1.2.0/env/tools/gnu_gcc/aarch64_gcc/mingw/bin/../lib/gcc/aarch64-none-elf/10.2.1\libc.a(lib_a-strncpy.o)
 .debug_info    0x0000000000021a8e       0x2e e:/firefly3399/env_released_1.2.0/env/tools/gnu_gcc/aarch64_gcc/mingw/bin/../lib/gcc/aarch64-none-elf/10.2.1\libc.a(lib_a-strrchr.o)
 .debug_info    0x0000000000021abc      0x7a8 e:/firefly3399/env_released_1.2.0/env/tools/gnu_gcc/aarch64_gcc/mingw/bin/../lib/gcc/aarch64-none-elf/10.2.1\libc.a(lib_a-strstr.o)
 .debug_info    0x0000000000022264     0x10a3 e:/firefly3399/env_released_1.2.0/env/tools/gnu_gcc/aarch64_gcc/mingw/bin/../lib/gcc/aarch64-none-elf/10.2.1\libc.a(lib_a-strtol.o)
 .debug_info    0x0000000000023307      0xc06 e:/firefly3399/env_released_1.2.0/env/tools/gnu_gcc/aarch64_gcc/mingw/bin/../lib/gcc/aarch64-none-elf/10.2.1\libc.a(lib_a-ctype_.o)
 .debug_info    0x0000000000023f0d     0x1020 e:/firefly3399/env_released_1.2.0/env/tools/gnu_gcc/aarch64_gcc/mingw/bin/../lib/gcc/aarch64-none-elf/10.2.1\libc.a(lib_a-findfp.o)
 .debug_info    0x0000000000024f2d      0xa86 e:/firefly3399/env_released_1.2.0/env/tools/gnu_gcc/aarch64_gcc/mingw/bin/../lib/gcc/aarch64-none-elf/10.2.1\libc.a(lib_a-fwalk.o)
 .debug_info    0x00000000000259b3      0xaec e:/firefly3399/env_released_1.2.0/env/tools/gnu_gcc/aarch64_gcc/mingw/bin/../lib/gcc/aarch64-none-elf/10.2.1\libc.a(lib_a-refill.o)
 .debug_info    0x000000000002649f      0xc77 e:/firefly3399/env_released_1.2.0/env/tools/gnu_gcc/aarch64_gcc/mingw/bin/../lib/gcc/aarch64-none-elf/10.2.1\libc.a(lib_a-stdio.o)
 .debug_info    0x0000000000027116       0x2e e:/firefly3399/env_released_1.2.0/env/tools/gnu_gcc/aarch64_gcc/mingw/bin/../lib/gcc/aarch64-none-elf/10.2.1\libc.a(lib_a-strchr.o)
 .debug_info    0x0000000000027144       0x2e e:/firefly3399/env_released_1.2.0/env/tools/gnu_gcc/aarch64_gcc/mingw/bin/../lib/gcc/aarch64-none-elf/10.2.1\libc.a(lib_a-strnlen.o)
 .debug_info    0x0000000000027172      0xb83 e:/firefly3399/env_released_1.2.0/env/tools/gnu_gcc/aarch64_gcc/mingw/bin/../lib/gcc/aarch64-none-elf/10.2.1\libc.a(lib_a-fclose.o)
 .debug_info    0x0000000000027cf5      0xc33 e:/firefly3399/env_released_1.2.0/env/tools/gnu_gcc/aarch64_gcc/mingw/bin/../lib/gcc/aarch64-none-elf/10.2.1\libc.a(lib_a-fflush.o)
 .debug_info    0x0000000000028928      0xe18 e:/firefly3399/env_released_1.2.0/env/tools/gnu_gcc/aarch64_gcc/mingw/bin/../lib/gcc/aarch64-none-elf/10.2.1\libc.a(lib_a-makebuf.o)

.debug_abbrev   0x0000000000000000     0x79a5
 *(.debug_abbrev)
 .debug_abbrev  0x0000000000000000      0x182 build\applications\main.o
 .debug_abbrev  0x0000000000000182      0x22f build\cpu\mmu.o
 .debug_abbrev  0x00000000000003b1      0x132 build\cpu\secondary_cpu.o
 .debug_abbrev  0x00000000000004e3      0x142 build\cpu\cpu.o
 .debug_abbrev  0x0000000000000625       0x14 build\cpu\entry_point.o
 .debug_abbrev  0x0000000000000639      0x127 build\cpu\trap.o
 .debug_abbrev  0x0000000000000760       0x14 build\cpu\context_gcc.o
 .debug_abbrev  0x0000000000000774       0x98 build\cpu\stack.o
 .debug_abbrev  0x000000000000080c       0x14 build\cpu\vector_gcc.o
 .debug_abbrev  0x0000000000000820      0x1c2 build\cpu\interrupt.o
 .debug_abbrev  0x00000000000009e2       0x14 build\cpu\cpu_gcc.o
 .debug_abbrev  0x00000000000009f6       0x14 build\cpu\cache.o
 .debug_abbrev  0x0000000000000a0a      0x28b build\cpu\gicv3.o
 .debug_abbrev  0x0000000000000c95      0x178 build\driver\board.o
 .debug_abbrev  0x0000000000000e0d      0x1ff build\driver\drv_uart.o
 .debug_abbrev  0x000000000000100c       0xa9 build\driver\drv_led.o
 .debug_abbrev  0x00000000000010b5      0x1f1 build\kernel\src\cpu.o
 .debug_abbrev  0x00000000000012a6      0x136 build\kernel\src\clock.o
 .debug_abbrev  0x00000000000013dc      0x222 build\kernel\src\object.o
 .debug_abbrev  0x00000000000015fe      0x2d3 build\kernel\src\timer.o
 .debug_abbrev  0x00000000000018d1      0x1d0 build\kernel\src\device.o
 .debug_abbrev  0x0000000000001aa1      0x2ac build\kernel\src\scheduler.o
 .debug_abbrev  0x0000000000001d4d      0x210 build\kernel\src\ipc.o
 .debug_abbrev  0x0000000000001f5d      0x22e build\kernel\src\mem.o
 .debug_abbrev  0x000000000000218b      0x1d1 build\kernel\src\components.o
 .debug_abbrev  0x000000000000235c       0xec build\kernel\src\irq.o
 .debug_abbrev  0x0000000000002448      0x32f build\kernel\src\kservice.o
 .debug_abbrev  0x0000000000002777      0x24a build\kernel\src\idle.o
 .debug_abbrev  0x00000000000029c1      0x228 build\kernel\src\thread.o
 .debug_abbrev  0x0000000000002be9      0x25b build\kernel\components\dfs\src\dfs_fs.o
 .debug_abbrev  0x0000000000002e44      0x30d build\kernel\components\dfs\src\dfs.o
 .debug_abbrev  0x0000000000003151      0x29e build\kernel\components\dfs\src\dfs_file.o
 .debug_abbrev  0x00000000000033ef      0x232 build\kernel\components\dfs\filesystems\devfs\devfs.o
 .debug_abbrev  0x0000000000003621      0x294 build\kernel\components\drivers\serial\serial.o
 .debug_abbrev  0x00000000000038b5      0x1b6 build\kernel\components\drivers\src\completion.o
 .debug_abbrev  0x0000000000003a6b      0x201 build\kernel\components\drivers\src\waitqueue.o